Archive member included to satisfy reference by file (symbol)

F:/Switch/SwitchHomeBrewKit/devkitPro/libnx/lib\libnx.a(applet.o)
                              main.o (appletMainLoop)
F:/Switch/SwitchHomeBrewKit/devkitPro/libnx/lib\libnx.a(hosversion.o)
                              F:/Switch/SwitchHomeBrewKit/devkitPro/libnx/lib\libnx.a(applet.o) (hosversionGet)
F:/Switch/SwitchHomeBrewKit/devkitPro/libnx/lib\libnx.a(env.o)
                              F:/Switch/SwitchHomeBrewKit/devkitPro/libnx/lib\libnx.a(applet.o) (envIsNso)
F:/Switch/SwitchHomeBrewKit/devkitPro/libnx/lib\libnx.a(pad.o)
                              main.o (padConfigureInput)
F:/Switch/SwitchHomeBrewKit/devkitPro/libnx/lib\libnx.a(diag.o)
                              F:/Switch/SwitchHomeBrewKit/devkitPro/libnx/lib\libnx.a(applet.o) (diagAbortWithResult)
F:/Switch/SwitchHomeBrewKit/devkitPro/libnx/lib\libnx.a(console.o)
                              main.o (consoleInit)
F:/Switch/SwitchHomeBrewKit/devkitPro/libnx/lib\libnx.a(console_sw.o)
                              F:/Switch/SwitchHomeBrewKit/devkitPro/libnx/lib\libnx.a(console.o) (getDefaultConsoleRenderer)
F:/Switch/SwitchHomeBrewKit/devkitPro/libnx/lib\libnx.a(svc.o)
                              F:/Switch/SwitchHomeBrewKit/devkitPro/libnx/lib\libnx.a(applet.o) (svcExitProcess)
F:/Switch/SwitchHomeBrewKit/devkitPro/libnx/lib\libnx.a(switch_crt0.o)
                              (_start)
F:/Switch/SwitchHomeBrewKit/devkitPro/libnx/lib\libnx.a(default_font.bin.o)
                              F:/Switch/SwitchHomeBrewKit/devkitPro/libnx/lib\libnx.a(console.o) (default_font_bin)
F:/Switch/SwitchHomeBrewKit/devkitPro/libnx/lib\libnx.a(tmem.o)
                              F:/Switch/SwitchHomeBrewKit/devkitPro/libnx/lib\libnx.a(applet.o) (tmemCreate)
F:/Switch/SwitchHomeBrewKit/devkitPro/libnx/lib\libnx.a(wait.o)
                              F:/Switch/SwitchHomeBrewKit/devkitPro/libnx/lib\libnx.a(applet.o) (waitObjects)
F:/Switch/SwitchHomeBrewKit/devkitPro/libnx/lib\libnx.a(mutex.o)
                              F:/Switch/SwitchHomeBrewKit/devkitPro/libnx/lib\libnx.a(applet.o) (mutexLock)
F:/Switch/SwitchHomeBrewKit/devkitPro/libnx/lib\libnx.a(virtmem.o)
                              F:/Switch/SwitchHomeBrewKit/devkitPro/libnx/lib\libnx.a(tmem.o) (virtmemLock)
F:/Switch/SwitchHomeBrewKit/devkitPro/libnx/lib\libnx.a(event.o)
                              F:/Switch/SwitchHomeBrewKit/devkitPro/libnx/lib\libnx.a(applet.o) (eventLoadRemote)
F:/Switch/SwitchHomeBrewKit/devkitPro/libnx/lib\libnx.a(random.o)
                              F:/Switch/SwitchHomeBrewKit/devkitPro/libnx/lib\libnx.a(virtmem.o) (randomGet64)
F:/Switch/SwitchHomeBrewKit/devkitPro/libnx/lib\libnx.a(apm.o)
                              F:/Switch/SwitchHomeBrewKit/devkitPro/libnx/lib\libnx.a(applet.o) (apmInitialize)
F:/Switch/SwitchHomeBrewKit/devkitPro/libnx/lib\libnx.a(sm.o)
                              F:/Switch/SwitchHomeBrewKit/devkitPro/libnx/lib\libnx.a(env.o) (smAddOverrideHandle)
F:/Switch/SwitchHomeBrewKit/devkitPro/libnx/lib\libnx.a(hid.o)
                              F:/Switch/SwitchHomeBrewKit/devkitPro/libnx/lib\libnx.a(pad.o) (hidGetNpadStyleSet)
F:/Switch/SwitchHomeBrewKit/devkitPro/libnx/lib\libnx.a(default_window.o)
                              F:/Switch/SwitchHomeBrewKit/devkitPro/libnx/lib\libnx.a(console_sw.o) (nwindowGetDefault)
F:/Switch/SwitchHomeBrewKit/devkitPro/libnx/lib\libnx.a(framebuffer.o)
                              F:/Switch/SwitchHomeBrewKit/devkitPro/libnx/lib\libnx.a(console_sw.o) (framebufferMakeLinear)
F:/Switch/SwitchHomeBrewKit/devkitPro/libnx/lib\libnx.a(native_window.o)
                              F:/Switch/SwitchHomeBrewKit/devkitPro/libnx/lib\libnx.a(framebuffer.o) (nwindowIsValid)
F:/Switch/SwitchHomeBrewKit/devkitPro/libnx/lib\libnx.a(dynamic.o)
                              F:/Switch/SwitchHomeBrewKit/devkitPro/libnx/lib\libnx.a(switch_crt0.o) (__nx_dynamic)
F:/Switch/SwitchHomeBrewKit/devkitPro/libnx/lib\libnx.a(init.o)
                              F:/Switch/SwitchHomeBrewKit/devkitPro/libnx/lib\libnx.a(switch_crt0.o) (__libnx_init)
F:/Switch/SwitchHomeBrewKit/devkitPro/libnx/lib\libnx.a(alloc.o)
                              F:/Switch/SwitchHomeBrewKit/devkitPro/libnx/lib\libnx.a(virtmem.o) (__libnx_alloc)
F:/Switch/SwitchHomeBrewKit/devkitPro/libnx/lib\libnx.a(newlib.o)
                              F:/Switch/SwitchHomeBrewKit/devkitPro/libnx/lib\libnx.a(init.o) (__libnx_init_time)
F:/Switch/SwitchHomeBrewKit/devkitPro/libnx/lib\libnx.a(argv.o)
                              F:/Switch/SwitchHomeBrewKit/devkitPro/libnx/lib\libnx.a(init.o) (argvSetup)
F:/Switch/SwitchHomeBrewKit/devkitPro/libnx/lib\libnx.a(fs_dev.o)
                              F:/Switch/SwitchHomeBrewKit/devkitPro/libnx/lib\libnx.a(init.o) (fsdevMountSdmc)
F:/Switch/SwitchHomeBrewKit/devkitPro/libnx/lib\libnx.a(decode_utf8.o)
[...]
Memory Configuration

Name             Origin             Length             Attributes
*default*        0x0000000000000000 0xffffffffffffffff

Linker script and memory map

                0x0000000000000000                PROVIDE (__start__ = 0x0)
                0x0000000000000000                . = __start__
                0x0000000000000000                __code_start = .

.text           0x0000000000000000    0x2b730
 *(.crt0)
 .crt0          0x0000000000000000      0x140 F:/Switch/SwitchHomeBrewKit/devkitPro/libnx/lib\libnx.a(switch_crt0.o)
                0x0000000000000000                _start
                0x0000000000000108                __nx_exit
                0x0000000000000118                __nx_mod0
 *(.text.unlikely .text.*_unlikely .text.unlikely.*)
 *(.text.exit .text.exit.*)
 .text.exit     0x0000000000000140       0x34 F:/Switch/SwitchHomeBrewKit/devkitPro/devkitA64/bin/../lib/gcc/aarch64-none-elf/13.1.0/../../../../aarch64-none-elf/lib/pic\libg.a(libc_a-exit.o)
                0x0000000000000140                exit
 *(.text.startup .text.startup.*)
 *fill*         0x0000000000000174        0xc 
 .text.startup.main
                0x0000000000000180      0x298 main.o
                0x0000000000000180                main
 *(.text.hot .text.hot.*)
 *(.text .stub .text.* .gnu.linkonce.t.*)
 *fill*         0x0000000000000418        0x8 
 .text.__do_global_dtors_aux
                0x0000000000000420       0x44 F:/Switch/SwitchHomeBrewKit/devkitPro/devkitA64/bin/../lib/gcc/aarch64-none-elf/13.1.0/pic/crtbegin.o
 *fill*         0x0000000000000464        0xc 
 .text.frame_dummy
                0x0000000000000470       0x24 F:/Switch/SwitchHomeBrewKit/devkitPro/devkitA64/bin/../lib/gcc/aarch64-none-elf/13.1.0/pic/crtbegin.o
 *fill*         0x0000000000000494        0xc 
 .text.printTitle
                0x00000000000004a0       0x3c main.o
                0x00000000000004a0                printTitle
 *fill*         0x00000000000004dc        0x4 
 .text._appletInfiniteSleepLoop
                0x00000000000004e0       0x24 F:/Switch/SwitchHomeBrewKit/devkitPro/libnx/lib\libnx.a(applet.o)
 *fill*         0x0000000000000504        0xc 
 .text._appletCmdGetSession
                0x0000000000000510      0x108 F:/Switch/SwitchHomeBrewKit/devkitPro/libnx/lib\libnx.a(applet.o)
 *fill*         0x0000000000000618        0x8 
 .text._appletCmdInU8NoOut
                0x0000000000000620       0xcc F:/Switch/SwitchHomeBrewKit/devkitPro/libnx/lib\libnx.a(applet.o)
 *fill*         0x00000000000006ec        0x4 
 .text._appletGetLaunchReason
                0x00000000000006f0      0x104 F:/Switch/SwitchHomeBrewKit/devkitPro/libnx/lib\libnx.a(applet.o)
 *fill*         0x00000000000007f4        0xc 
 .text._appletSetFocusHandlingMode
                0x0000000000000800       0xe4 F:/Switch/SwitchHomeBrewKit/devkitPro/libnx/lib\libnx.a(applet.o)
 *fill*         0x00000000000008e4        0xc 
 .text._appletCmdInU32NoOut
                0x00000000000008f0       0xcc F:/Switch/SwitchHomeBrewKit/devkitPro/libnx/lib\libnx.a(applet.o)
 *fill*         0x00000000000009bc        0x4 
 .text._appletGetSessionProxy.constprop.0
                0x00000000000009c0      0x138 F:/Switch/SwitchHomeBrewKit/devkitPro/libnx/lib\libnx.a(applet.o)
 *fill*         0x0000000000000af8        0x8 
 .text._appletOpenLibraryAppletProxy.constprop.0
                0x0000000000000b00      0x154 F:/Switch/SwitchHomeBrewKit/devkitPro/libnx/lib\libnx.a(applet.o)
 *fill*         0x0000000000000c54        0xc 
 .text._appletCmdGetHandle.constprop.0.isra.0
                0x0000000000000c60       0xd0 F:/Switch/SwitchHomeBrewKit/devkitPro/libnx/lib\libnx.a(applet.o)
 .text._appletCmdNoInOutU8.isra.0
                0x0000000000000d30       0xd4 F:/Switch/SwitchHomeBrewKit/devkitPro/libnx/lib\libnx.a(applet.o)
 *fill*         0x0000000000000e04        0xc 
 .text._appletCmdNoInOutU32.isra.0
                0x0000000000000e10       0xd4 F:/Switch/SwitchHomeBrewKit/devkitPro/libnx/lib\libnx.a(applet.o)
 *fill*         0x0000000000000ee4        0xc 
 .text._appletCmdNoInOutU64.isra.0
                0x0000000000000ef0       0xd4 F:/Switch/SwitchHomeBrewKit/devkitPro/libnx/lib\libnx.a(applet.o)
 *fill*         0x0000000000000fc4        0xc 
 .text._appletCmdNoIO.isra.0
                0x0000000000000fd0       0xc0 F:/Switch/SwitchHomeBrewKit/devkitPro/libnx/lib\libnx.a(applet.o)
 .text.appletGetAppletType
                0x0000000000001090       0x10 F:/Switch/SwitchHomeBrewKit/devkitPro/libnx/lib\libnx.a(applet.o)
                0x0000000000001090                appletGetAppletType
 .text.appletSetFocusHandlingMode
                0x00000000000010a0      0x114 F:/Switch/SwitchHomeBrewKit/devkitPro/libnx/lib\libnx.a(applet.o)
                0x00000000000010a0                appletSetFocusHandlingMode
 *fill*         0x00000000000011b4        0xc 
 .text.appletSetCpuBoostMode
                0x00000000000011c0       0x5c F:/Switch/SwitchHomeBrewKit/devkitPro/libnx/lib\libnx.a(applet.o)
                0x00000000000011c0                appletSetCpuBoostMode
 *fill*         0x000000000000121c        0x4 
 .text.appletCreateManagedDisplayLayer
                0x0000000000001220       0x2c F:/Switch/SwitchHomeBrewKit/devkitPro/libnx/lib\libnx.a(applet.o)
                0x0000000000001220                appletCreateManagedDisplayLayer
 *fill*         0x000000000000124c        0x4 
 .text.appletGetAppletResourceUserId
                0x0000000000001250        0xc F:/Switch/SwitchHomeBrewKit/devkitPro/libnx/lib\libnx.a(applet.o)
                0x0000000000001250                appletGetAppletResourceUserId
 *fill*         0x000000000000125c        0x4 
 .text._appletGetIndirectLayerConsumerHandle
                0x0000000000001260       0xf4 F:/Switch/SwitchHomeBrewKit/devkitPro/libnx/lib\libnx.a(applet.o)
 *fill*         0x0000000000001354        0xc 
 .text._appletHolderCreateState
                0x0000000000001360       0x88 F:/Switch/SwitchHomeBrewKit/devkitPro/libnx/lib\libnx.a(applet.o)
 *fill*         0x00000000000013e8        0x8 
 .text.appletHolderClose
                0x00000000000013f0       0xac F:/Switch/SwitchHomeBrewKit/devkitPro/libnx/lib\libnx.a(applet.o)
                0x00000000000013f0                appletHolderClose
 *fill*         0x000000000000149c        0x4 
 .text.appletHolderGetLibraryAppletInfo
                0x00000000000014a0       0x24 F:/Switch/SwitchHomeBrewKit/devkitPro/libnx/lib\libnx.a(applet.o)
                0x00000000000014a0                appletHolderGetLibraryAppletInfo
 *fill*         0x00000000000014c4        0xc 
 .text.appletNotifyRunning
                0x00000000000014d0       0x90 F:/Switch/SwitchHomeBrewKit/devkitPro/libnx/lib\libnx.a(applet.o)
                0x00000000000014d0                appletNotifyRunning
 .text.appletSetGamePlayRecordingState
                0x0000000000001560       0x8c F:/Switch/SwitchHomeBrewKit/devkitPro/libnx/lib\libnx.a(applet.o)
                0x0000000000001560                appletSetGamePlayRecordingState
 *fill*         0x00000000000015ec        0x4 
 .text._appletCleanup
                0x00000000000015f0      0xad4 F:/Switch/SwitchHomeBrewKit/devkitPro/libnx/lib\libnx.a(applet.o)
 *fill*         0x00000000000020c4        0xc 
 .text.appletExit
                0x00000000000020d0       0x44 F:/Switch/SwitchHomeBrewKit/devkitPro/libnx/lib\libnx.a(applet.o)
                0x00000000000020d0                appletExit
 *fill*         0x0000000000002114        0xc 
 .text.appletGetLibraryAppletInfo
                0x0000000000002120       0x40 F:/Switch/SwitchHomeBrewKit/devkitPro/libnx/lib\libnx.a(applet.o)
                0x0000000000002120                appletGetLibraryAppletInfo
 .text.appletInitialize
                0x0000000000002160      0xa94 F:/Switch/SwitchHomeBrewKit/devkitPro/libnx/lib\libnx.a(applet.o)
                0x0000000000002160                appletInitialize
 *fill*         0x0000000000002bf4        0xc 
 .text._appletExitProcess
                0x0000000000002c00       0x24 F:/Switch/SwitchHomeBrewKit/devkitPro/libnx/lib\libnx.a(applet.o)
 *fill*         0x0000000000002c24        0xc 
 .text.appletGetMessage
                0x0000000000002c30       0x74 F:/Switch/SwitchHomeBrewKit/devkitPro/libnx/lib\libnx.a(applet.o)
                0x0000000000002c30                appletGetMessage
 *fill*         0x0000000000002ca4        0xc 
 .text.appletProcessMessage
                0x0000000000002cb0      0x28c F:/Switch/SwitchHomeBrewKit/devkitPro/libnx/lib\libnx.a(applet.o)
                0x0000000000002cb0                appletProcessMessage
 *fill*         0x0000000000002f3c        0x4 
 .text.appletMainLoop
                0x0000000000002f40       0x34 F:/Switch/SwitchHomeBrewKit/devkitPro/libnx/lib\libnx.a(applet.o)
                0x0000000000002f40                appletMainLoop
 *fill*         0x0000000000002f74        0xc 
 .text.hosversionGet
                0x0000000000002f80       0x14 F:/Switch/SwitchHomeBrewKit/devkitPro/libnx/lib\libnx.a(hosversion.o)
                0x0000000000002f80                hosversionGet
 *fill*         0x0000000000002f94        0xc 
 .text.hosversionSet
                0x0000000000002fa0       0x10 F:/Switch/SwitchHomeBrewKit/devkitPro/libnx/lib\libnx.a(hosversion.o)
                0x0000000000002fa0                hosversionSet
 .text.envSetup
                0x0000000000002fb0      0x208 F:/Switch/SwitchHomeBrewKit/devkitPro/libnx/lib\libnx.a(env.o)
                0x0000000000002fb0                envSetup
 *fill*         0x00000000000031b8        0x8 
 .text.envGetMainThreadHandle
                0x00000000000031c0       0x20 F:/Switch/SwitchHomeBrewKit/devkitPro/libnx/lib\libnx.a(env.o)
                0x00000000000031c0                envGetMainThreadHandle
 .text.envIsNso
                0x00000000000031e0        0xc F:/Switch/SwitchHomeBrewKit/devkitPro/libnx/lib\libnx.a(env.o)
                0x00000000000031e0                envIsNso
 *fill*         0x00000000000031ec        0x4 
 .text.envHasHeapOverride
                0x00000000000031f0       0x14 F:/Switch/SwitchHomeBrewKit/devkitPro/libnx/lib\libnx.a(env.o)
                0x00000000000031f0                envHasHeapOverride
 *fill*         0x0000000000003204        0xc 
 .text.envGetHeapOverrideAddr
                0x0000000000003210        0xc F:/Switch/SwitchHomeBrewKit/devkitPro/libnx/lib\libnx.a(env.o)
                0x0000000000003210                envGetHeapOverrideAddr
 *fill*         0x000000000000321c        0x4 
 .text.envGetHeapOverrideSize
                0x0000000000003220        0xc F:/Switch/SwitchHomeBrewKit/devkitPro/libnx/lib\libnx.a(env.o)
                0x0000000000003220                envGetHeapOverrideSize
 *fill*         0x000000000000322c        0x4 
 .text.envHasArgv
                0x0000000000003230       0x14 F:/Switch/SwitchHomeBrewKit/devkitPro/libnx/lib\libnx.a(env.o)
                0x0000000000003230                envHasArgv
 *fill*         0x0000000000003244        0xc 
 .text.envGetArgv
                0x0000000000003250        0xc F:/Switch/SwitchHomeBrewKit/devkitPro/libnx/lib\libnx.a(env.o)
                0x0000000000003250                envGetArgv
 *fill*         0x000000000000325c        0x4 
 .text.envGetExitFuncPtr
                0x0000000000003260        0xc F:/Switch/SwitchHomeBrewKit/devkitPro/libnx/lib\libnx.a(env.o)
                0x0000000000003260                envGetExitFuncPtr
 *fill*         0x000000000000326c        0x4 
 .text.envSetExitFuncPtr
                0x0000000000003270        0xc F:/Switch/SwitchHomeBrewKit/devkitPro/libnx/lib\libnx.a(env.o)
                0x0000000000003270                envSetExitFuncPtr
 *fill*         0x000000000000327c        0x4 
 .text.envHasRandomSeed
                0x0000000000003280        0xc F:/Switch/SwitchHomeBrewKit/devkitPro/libnx/lib\libnx.a(env.o)
                0x0000000000003280                envHasRandomSeed
 *fill*         0x000000000000328c        0x4 
 .text.envGetRandomSeed
                0x0000000000003290       0x10 F:/Switch/SwitchHomeBrewKit/devkitPro/libnx/lib\libnx.a(env.o)
                0x0000000000003290                envGetRandomSeed
 .text._padUpdateWithCommonState
                0x00000000000032a0       0x5c F:/Switch/SwitchHomeBrewKit/devkitPro/libnx/lib\libnx.a(pad.o)
 *fill*         0x00000000000032fc        0x4 
 .text.padConfigureInput
                0x0000000000003300       0x9c F:/Switch/SwitchHomeBrewKit/devkitPro/libnx/lib\libnx.a(pad.o)
                0x0000000000003300                padConfigureInput
 *fill*         0x000000000000339c        0x4 
 .text.padInitializeWithMask
                0x00000000000033a0       0x24 F:/Switch/SwitchHomeBrewKit/devkitPro/libnx/lib\libnx.a(pad.o)
                0x00000000000033a0                padInitializeWithMask
 *fill*         0x00000000000033c4        0xc 
 .text.padUpdate
                0x00000000000033d0      0x240 F:/Switch/SwitchHomeBrewKit/devkitPro/libnx/lib\libnx.a(pad.o)
                0x00000000000033d0                padUpdate
 .text.diagAbortWithResult
                0x0000000000003610       0x1c F:/Switch/SwitchHomeBrewKit/devkitPro/libnx/lib\libnx.a(diag.o)
                0x0000000000003610                diagAbortWithResult
 *fill*         0x000000000000362c        0x4 
 .text.consoleDrawChar
                0x0000000000003630       0x48 F:/Switch/SwitchHomeBrewKit/devkitPro/libnx/lib\libnx.a(console.o)
 *fill*         0x0000000000003678        0x8 
 .text.parseColor
                0x0000000000003680      0x20c F:/Switch/SwitchHomeBrewKit/devkitPro/libnx/lib\libnx.a(console.o)
 *fill*         0x000000000000388c        0x4 
 .text.consoleNewRow
                0x0000000000003890       0xb0 F:/Switch/SwitchHomeBrewKit/devkitPro/libnx/lib\libnx.a(console.o)
 .text.con_write
                0x0000000000003940      0xc98 F:/Switch/SwitchHomeBrewKit/devkitPro/libnx/lib\libnx.a(console.o)
 *fill*         0x00000000000045d8        0x8 
 .text.consoleInit
                0x00000000000045e0      0x154 F:/Switch/SwitchHomeBrewKit/devkitPro/libnx/lib\libnx.a(console.o)
                0x00000000000045e0                consoleInit
 *fill*         0x0000000000004734        0xc 
 .text.consoleExit
                0x0000000000004740       0x48 F:/Switch/SwitchHomeBrewKit/devkitPro/libnx/lib\libnx.a(console.o)
                0x0000000000004740                consoleExit
 *fill*         0x0000000000004788        0x8 
 .text.consoleUpdate
                0x0000000000004790       0x2c F:/Switch/SwitchHomeBrewKit/devkitPro/libnx/lib\libnx.a(console.o)
                0x0000000000004790                consoleUpdate
 *fill*         0x00000000000047bc        0x4 
 .text.ConsoleSwRenderer_drawChar
                0x00000000000047c0      0x1c8 F:/Switch/SwitchHomeBrewKit/devkitPro/libnx/lib\libnx.a(console_sw.o)
 *fill*         0x0000000000004988        0x8 
 .text.ConsoleSwRenderer_init
                0x0000000000004990       0xf8 F:/Switch/SwitchHomeBrewKit/devkitPro/libnx/lib\libnx.a(console_sw.o)
 *fill*         0x0000000000004a88        0x8 
 .text.ConsoleSwRenderer_flushAndSwap
                0x0000000000004a90       0x70 F:/Switch/SwitchHomeBrewKit/devkitPro/libnx/lib\libnx.a(console_sw.o)
 .text.ConsoleSwRenderer_scrollWindow
                0x0000000000004b00       0xd0 F:/Switch/SwitchHomeBrewKit/devkitPro/libnx/lib\libnx.a(console_sw.o)
 .text.ConsoleSwRenderer_deinit
                0x0000000000004bd0       0x4c F:/Switch/SwitchHomeBrewKit/devkitPro/libnx/lib\libnx.a(console_sw.o)
 *fill*         0x0000000000004c1c        0x4 
 .text.getDefaultConsoleRenderer
                0x0000000000004c20        0xc F:/Switch/SwitchHomeBrewKit/devkitPro/libnx/lib\libnx.a(console_sw.o)
                0x0000000000004c20                getDefaultConsoleRenderer
 .text.svcSetHeapSize
                0x0000000000004c2c       0x14 F:/Switch/SwitchHomeBrewKit/devkitPro/libnx/lib\libnx.a(svc.o)
                0x0000000000004c2c                svcSetHeapSize
 .text.svcSetMemoryAttribute
                0x0000000000004c40        0x8 F:/Switch/SwitchHomeBrewKit/devkitPro/libnx/lib\libnx.a(svc.o)
                0x0000000000004c40                svcSetMemoryAttribute
 .text.svcUnmapMemory
                0x0000000000004c48        0x8 F:/Switch/SwitchHomeBrewKit/devkitPro/libnx/lib\libnx.a(svc.o)
                0x0000000000004c48                svcUnmapMemory
 .text.svcQueryMemory
                0x0000000000004c50       0x14 F:/Switch/SwitchHomeBrewKit/devkitPro/libnx/lib\libnx.a(svc.o)
                0x0000000000004c50                svcQueryMemory
 .text.svcExitProcess
                0x0000000000004c64        0x8 F:/Switch/SwitchHomeBrewKit/devkitPro/libnx/lib\libnx.a(svc.o)
                0x0000000000004c64                svcExitProcess
 .text.svcSleepThread
                0x0000000000004c6c        0x8 F:/Switch/SwitchHomeBrewKit/devkitPro/libnx/lib\libnx.a(svc.o)
                0x0000000000004c6c                svcSleepThread
 .text.svcMapSharedMemory
                0x0000000000004c74        0x8 F:/Switch/SwitchHomeBrewKit/devkitPro/libnx/lib\libnx.a(svc.o)
                0x0000000000004c74                svcMapSharedMemory
 .text.svcUnmapSharedMemory
                0x0000000000004c7c        0x8 F:/Switch/SwitchHomeBrewKit/devkitPro/libnx/lib\libnx.a(svc.o)
                0x0000000000004c7c                svcUnmapSharedMemory
 .text.svcCreateTransferMemory
                0x0000000000004c84       0x14 F:/Switch/SwitchHomeBrewKit/devkitPro/libnx/lib\libnx.a(svc.o)
                0x0000000000004c84                svcCreateTransferMemory
 .text.svcCloseHandle
                0x0000000000004c98        0x8 F:/Switch/SwitchHomeBrewKit/devkitPro/libnx/lib\libnx.a(svc.o)
                0x0000000000004c98                svcCloseHandle
 .text.svcResetSignal
                0x0000000000004ca0        0x8 F:/Switch/SwitchHomeBrewKit/devkitPro/libnx/lib\libnx.a(svc.o)
                0x0000000000004ca0                svcResetSignal
 .text.svcWaitSynchronization
                0x0000000000004ca8       0x14 F:/Switch/SwitchHomeBrewKit/devkitPro/libnx/lib\libnx.a(svc.o)
                0x0000000000004ca8                svcWaitSynchronization
 .text.svcArbitrateLock
                0x0000000000004cbc        0x8 F:/Switch/SwitchHomeBrewKit/devkitPro/libnx/lib\libnx.a(svc.o)
                0x0000000000004cbc                svcArbitrateLock
 .text.svcArbitrateUnlock
                0x0000000000004cc4        0x8 F:/Switch/SwitchHomeBrewKit/devkitPro/libnx/lib\libnx.a(svc.o)
                0x0000000000004cc4                svcArbitrateUnlock
 .text.svcWaitProcessWideKeyAtomic
                0x0000000000004ccc        0x8 F:/Switch/SwitchHomeBrewKit/devkitPro/libnx/lib\libnx.a(svc.o)
                0x0000000000004ccc                svcWaitProcessWideKeyAtomic
 .text.svcSignalProcessWideKey
                0x0000000000004cd4        0x8 F:/Switch/SwitchHomeBrewKit/devkitPro/libnx/lib\libnx.a(svc.o)
                0x0000000000004cd4                svcSignalProcessWideKey
 .text.svcGetSystemTick
                0x0000000000004cdc        0x8 F:/Switch/SwitchHomeBrewKit/devkitPro/libnx/lib\libnx.a(svc.o)
                0x0000000000004cdc                svcGetSystemTick
 .text.svcConnectToNamedPort
                0x0000000000004ce4       0x14 F:/Switch/SwitchHomeBrewKit/devkitPro/libnx/lib\libnx.a(svc.o)
                0x0000000000004ce4                svcConnectToNamedPort
 .text.svcSendSyncRequest
                0x0000000000004cf8        0x8 F:/Switch/SwitchHomeBrewKit/devkitPro/libnx/lib\libnx.a(svc.o)
                0x0000000000004cf8                svcSendSyncRequest
 .text.svcBreak
                0x0000000000004d00        0x8 F:/Switch/SwitchHomeBrewKit/devkitPro/libnx/lib\libnx.a(svc.o)
                0x0000000000004d00                svcBreak
 .text.svcReturnFromException
                0x0000000000004d08        0x8 F:/Switch/SwitchHomeBrewKit/devkitPro/libnx/lib\libnx.a(svc.o)
                0x0000000000004d08                svcReturnFromException
 .text.svcGetInfo
                0x0000000000004d10       0x14 F:/Switch/SwitchHomeBrewKit/devkitPro/libnx/lib\libnx.a(svc.o)
                0x0000000000004d10                svcGetInfo
 .text.svcUnmapTransferMemory
                0x0000000000004d24        0x8 F:/Switch/SwitchHomeBrewKit/devkitPro/libnx/lib\libnx.a(svc.o)
                0x0000000000004d24                svcUnmapTransferMemory
 *fill*         0x0000000000004d2c        0x4 
 .text.tmemCreate
                0x0000000000004d30       0xa8 F:/Switch/SwitchHomeBrewKit/devkitPro/libnx/lib\libnx.a(tmem.o)
                0x0000000000004d30                tmemCreate
 *fill*         0x0000000000004dd8        0x8 
 .text.tmemUnmap
                0x0000000000004de0       0x34 F:/Switch/SwitchHomeBrewKit/devkitPro/libnx/lib\libnx.a(tmem.o)
                0x0000000000004de0                tmemUnmap
 *fill*         0x0000000000004e14        0xc 
 .text.tmemCloseHandle
                0x0000000000004e20       0x38 F:/Switch/SwitchHomeBrewKit/devkitPro/libnx/lib\libnx.a(tmem.o)
                0x0000000000004e20                tmemCloseHandle
 *fill*         0x0000000000004e58        0x8 
 .text.tmemWaitForPermission
                0x0000000000004e60       0xf0 F:/Switch/SwitchHomeBrewKit/devkitPro/libnx/lib\libnx.a(tmem.o)
                0x0000000000004e60                tmemWaitForPermission
 .text.tmemClose
                0x0000000000004f50       0x54 F:/Switch/SwitchHomeBrewKit/devkitPro/libnx/lib\libnx.a(tmem.o)
                0x0000000000004f50                tmemClose
 *fill*         0x0000000000004fa4        0xc 
 .text.waitObjects
                0x0000000000004fb0      0x524 F:/Switch/SwitchHomeBrewKit/devkitPro/libnx/lib\libnx.a(wait.o)
                0x0000000000004fb0                waitObjects
 *fill*         0x00000000000054d4        0xc 
 .text.mutexLock
                0x00000000000054e0       0x80 F:/Switch/SwitchHomeBrewKit/devkitPro/libnx/lib\libnx.a(mutex.o)
                0x00000000000054e0                mutexLock
 .text.mutexUnlock
                0x0000000000005560       0x68 F:/Switch/SwitchHomeBrewKit/devkitPro/libnx/lib\libnx.a(mutex.o)
                0x0000000000005560                mutexUnlock
 *fill*         0x00000000000055c8        0x8 
 .text.mutexIsLockedByCurrentThread
                0x00000000000055d0       0x1c F:/Switch/SwitchHomeBrewKit/devkitPro/libnx/lib\libnx.a(mutex.o)
                0x00000000000055d0                mutexIsLockedByCurrentThread
 *fill*         0x00000000000055ec        0x4 
 .text.rmutexLock
                0x00000000000055f0       0x4c F:/Switch/SwitchHomeBrewKit/devkitPro/libnx/lib\libnx.a(mutex.o)
                0x00000000000055f0                rmutexLock
 *fill*         0x000000000000563c        0x4 
 .text.rmutexUnlock
                0x0000000000005640       0x1c F:/Switch/SwitchHomeBrewKit/devkitPro/libnx/lib\libnx.a(mutex.o)
                0x0000000000005640                rmutexUnlock
 *fill*         0x000000000000565c        0x4 
 .text._memregionInitWithInfo
                0x0000000000005660       0x64 F:/Switch/SwitchHomeBrewKit/devkitPro/libnx/lib\libnx.a(virtmem.o)
 *fill*         0x00000000000056c4        0xc 
 .text.__libnx_virtmem_rng
                0x00000000000056d0        0x4 F:/Switch/SwitchHomeBrewKit/devkitPro/libnx/lib\libnx.a(virtmem.o)
                0x00000000000056d0                __libnx_virtmem_rng
 *fill*         0x00000000000056d4        0xc 
 .text._memregionFindRandom
                0x00000000000056e0      0x16c F:/Switch/SwitchHomeBrewKit/devkitPro/libnx/lib\libnx.a(virtmem.o)
 *fill*         0x000000000000584c        0x4 
 .text.virtmemSetup
                0x0000000000005850      0x120 F:/Switch/SwitchHomeBrewKit/devkitPro/libnx/lib\libnx.a(virtmem.o)
                0x0000000000005850                virtmemSetup
 .text.virtmemLock
                0x0000000000005970        0xc F:/Switch/SwitchHomeBrewKit/devkitPro/libnx/lib\libnx.a(virtmem.o)
                0x0000000000005970                virtmemLock
 *fill*         0x000000000000597c        0x4 
 .text.virtmemUnlock
                0x0000000000005980        0xc F:/Switch/SwitchHomeBrewKit/devkitPro/libnx/lib\libnx.a(virtmem.o)
                0x0000000000005980                virtmemUnlock
 *fill*         0x000000000000598c        0x4 
 .text.virtmemFindAslr
                0x0000000000005990       0x50 F:/Switch/SwitchHomeBrewKit/devkitPro/libnx/lib\libnx.a(virtmem.o)
                0x0000000000005990                virtmemFindAslr
 .text.eventLoadRemote
                0x00000000000059e0        0xc F:/Switch/SwitchHomeBrewKit/devkitPro/libnx/lib\libnx.a(event.o)
                0x00000000000059e0                eventLoadRemote
 *fill*         0x00000000000059ec        0x4 
 .text.eventWait
                0x00000000000059f0       0x38 F:/Switch/SwitchHomeBrewKit/devkitPro/libnx/lib\libnx.a(event.o)
                0x00000000000059f0                eventWait
 *fill*         0x0000000000005a28        0x8 
 .text.eventClose
                0x0000000000005a30       0x50 F:/Switch/SwitchHomeBrewKit/devkitPro/libnx/lib\libnx.a(event.o)
                0x0000000000005a30                eventClose
 .text.randomGet
                0x0000000000005a80      0x3d4 F:/Switch/SwitchHomeBrewKit/devkitPro/libnx/lib\libnx.a(random.o)
                0x0000000000005a80                randomGet
 *fill*         0x0000000000005e54        0xc 
 .text.randomGet64
                0x0000000000005e60       0x20 F:/Switch/SwitchHomeBrewKit/devkitPro/libnx/lib\libnx.a(random.o)
                0x0000000000005e60                randomGet64
 .text._apmCleanup
                0x0000000000005e80       0xc0 F:/Switch/SwitchHomeBrewKit/devkitPro/libnx/lib\libnx.a(apm.o)
 .text._apmCmdGetSession.constprop.0
                0x0000000000005f40       0xfc F:/Switch/SwitchHomeBrewKit/devkitPro/libnx/lib\libnx.a(apm.o)
 *fill*         0x000000000000603c        0x4 
 .text.apmInitialize
                0x0000000000006040       0xa0 F:/Switch/SwitchHomeBrewKit/devkitPro/libnx/lib\libnx.a(apm.o)
                0x0000000000006040                apmInitialize
 .text.apmExit  0x00000000000060e0       0x44 F:/Switch/SwitchHomeBrewKit/devkitPro/libnx/lib\libnx.a(apm.o)
                0x00000000000060e0                apmExit
 *fill*         0x0000000000006124        0xc 
 .text.apmSetPerformanceConfiguration
                0x0000000000006130       0xc8 F:/Switch/SwitchHomeBrewKit/devkitPro/libnx/lib\libnx.a(apm.o)
                0x0000000000006130                apmSetPerformanceConfiguration
 *fill*         0x00000000000061f8        0x8 
 .text._smCmifCmdInPid
                0x0000000000006200       0xd0 F:/Switch/SwitchHomeBrewKit/devkitPro/libnx/lib\libnx.a(sm.o)
 .text._smCleanup
                0x00000000000062d0       0x68 F:/Switch/SwitchHomeBrewKit/devkitPro/libnx/lib\libnx.a(sm.o)
 *fill*         0x0000000000006338        0x8 
 .text.smAddOverrideHandle
                0x0000000000006340       0x48 F:/Switch/SwitchHomeBrewKit/devkitPro/libnx/lib\libnx.a(sm.o)
                0x0000000000006340                smAddOverrideHandle
 *fill*         0x0000000000006388        0x8 
 .text.smGetServiceOverride
                0x0000000000006390       0x54 F:/Switch/SwitchHomeBrewKit/devkitPro/libnx/lib\libnx.a(sm.o)
                0x0000000000006390                smGetServiceOverride
 *fill*         0x00000000000063e4        0xc 
 .text.smInitialize
                0x00000000000063f0      0x1c0 F:/Switch/SwitchHomeBrewKit/devkitPro/libnx/lib\libnx.a(sm.o)
                0x00000000000063f0                smInitialize
 .text.smExit   0x00000000000065b0       0x44 F:/Switch/SwitchHomeBrewKit/devkitPro/libnx/lib\libnx.a(sm.o)
                0x00000000000065b0                smExit
 *fill*         0x00000000000065f4        0xc 
 .text.smGetServiceOriginal
                0x0000000000006600       0xd0 F:/Switch/SwitchHomeBrewKit/devkitPro/libnx/lib\libnx.a(sm.o)
                0x0000000000006600                smGetServiceOriginal
 .text.smGetServiceWrapper
                0x00000000000066d0      0x120 F:/Switch/SwitchHomeBrewKit/devkitPro/libnx/lib\libnx.a(sm.o)
                0x00000000000066d0                smGetServiceWrapper
 .text._hidCleanup
                0x00000000000067f0      0x108 F:/Switch/SwitchHomeBrewKit/devkitPro/libnx/lib\libnx.a(hid.o)
 *fill*         0x00000000000068f8        0x8 
 .text._hidCmdInAruidNoOut
                0x0000000000006900       0xd8 F:/Switch/SwitchHomeBrewKit/devkitPro/libnx/lib\libnx.a(hid.o)
 *fill*         0x00000000000069d8        0x8 
 .text._hidCmdInU32AruidNoOut
                0x00000000000069e0       0xe4 F:/Switch/SwitchHomeBrewKit/devkitPro/libnx/lib\libnx.a(hid.o)
 *fill*         0x0000000000006ac4        0xc 
 .text._hidGetStates
                0x0000000000006ad0      0x1a8 F:/Switch/SwitchHomeBrewKit/devkitPro/libnx/lib\libnx.a(hid.o)
 *fill*         0x0000000000006c78        0x8 
 .text._hidCreateAppletResource.constprop.0
                0x0000000000006c80      0x114 F:/Switch/SwitchHomeBrewKit/devkitPro/libnx/lib\libnx.a(hid.o)
 *fill*         0x0000000000006d94        0xc 
 .text._hidCmdGetHandle.constprop.0
                0x0000000000006da0       0xc8 F:/Switch/SwitchHomeBrewKit/devkitPro/libnx/lib\libnx.a(hid.o)
 *fill*         0x0000000000006e68        0x8 
 .text.hidInitialize
                0x0000000000006e70       0xdc F:/Switch/SwitchHomeBrewKit/devkitPro/libnx/lib\libnx.a(hid.o)
                0x0000000000006e70                hidInitialize
 *fill*         0x0000000000006f4c        0x4 
 .text.hidExit  0x0000000000006f50       0x44 F:/Switch/SwitchHomeBrewKit/devkitPro/libnx/lib\libnx.a(hid.o)
                0x0000000000006f50                hidExit
 *fill*         0x0000000000006f94        0xc 
 .text.hidGetSharedmemAddr
                0x0000000000006fa0        0xc F:/Switch/SwitchHomeBrewKit/devkitPro/libnx/lib\libnx.a(hid.o)
                0x0000000000006fa0                hidGetSharedmemAddr
 *fill*         0x0000000000006fac        0x4 
 .text.hidGetNpadStyleSet
                0x0000000000006fb0       0x94 F:/Switch/SwitchHomeBrewKit/devkitPro/libnx/lib\libnx.a(hid.o)
                0x0000000000006fb0                hidGetNpadStyleSet
 *fill*         0x0000000000007044        0xc 
 .text.hidInitializeNpad
                0x0000000000007050       0x6c F:/Switch/SwitchHomeBrewKit/devkitPro/libnx/lib\libnx.a(hid.o)
                0x0000000000007050                hidInitializeNpad
 *fill*         0x00000000000070bc        0x4 
 .text.hidGetNpadStatesFullKey
                0x00000000000070c0       0xac F:/Switch/SwitchHomeBrewKit/devkitPro/libnx/lib\libnx.a(hid.o)
                0x00000000000070c0                hidGetNpadStatesFullKey
 *fill*         0x000000000000716c        0x4 
 .text.hidGetNpadStatesHandheld
                0x0000000000007170       0xac F:/Switch/SwitchHomeBrewKit/devkitPro/libnx/lib\libnx.a(hid.o)
                0x0000000000007170                hidGetNpadStatesHandheld
 *fill*         0x000000000000721c        0x4 
 .text.hidGetNpadStatesJoyDual
                0x0000000000007220       0xac F:/Switch/SwitchHomeBrewKit/devkitPro/libnx/lib\libnx.a(hid.o)
                0x0000000000007220                hidGetNpadStatesJoyDual
 *fill*         0x00000000000072cc        0x4 
 .text.hidGetNpadStatesJoyLeft
                0x00000000000072d0       0xac F:/Switch/SwitchHomeBrewKit/devkitPro/libnx/lib\libnx.a(hid.o)
                0x00000000000072d0                hidGetNpadStatesJoyLeft
 *fill*         0x000000000000737c        0x4 
 .text.hidGetNpadStatesJoyRight
                0x0000000000007380       0xac F:/Switch/SwitchHomeBrewKit/devkitPro/libnx/lib\libnx.a(hid.o)
                0x0000000000007380                hidGetNpadStatesJoyRight
 *fill*         0x000000000000742c        0x4 
 .text.hidGetNpadStatesGc
                0x0000000000007430      0x164 F:/Switch/SwitchHomeBrewKit/devkitPro/libnx/lib\libnx.a(hid.o)
                0x0000000000007430                hidGetNpadStatesGc
 *fill*         0x0000000000007594        0xc 
 .text.hidGetNpadStatesSystemExt
                0x00000000000075a0       0xb0 F:/Switch/SwitchHomeBrewKit/devkitPro/libnx/lib\libnx.a(hid.o)
                0x00000000000075a0                hidGetNpadStatesSystemExt
 .text.hidSetSupportedNpadStyleSet
                0x0000000000007650        0x8 F:/Switch/SwitchHomeBrewKit/devkitPro/libnx/lib\libnx.a(hid.o)
                0x0000000000007650                hidSetSupportedNpadStyleSet
 *fill*         0x0000000000007658        0x8 
 .text.hidSetSupportedNpadIdType
                0x0000000000007660      0x100 F:/Switch/SwitchHomeBrewKit/devkitPro/libnx/lib\libnx.a(hid.o)
                0x0000000000007660                hidSetSupportedNpadIdType
 .text.nwindowGetDefault
                0x0000000000007760        0xc F:/Switch/SwitchHomeBrewKit/devkitPro/libnx/lib\libnx.a(default_window.o)
                0x0000000000007760                nwindowGetDefault
 *fill*         0x000000000000776c        0x4 
 .text.__nx_win_init
                0x0000000000007770       0xb0 F:/Switch/SwitchHomeBrewKit/devkitPro/libnx/lib\libnx.a(default_window.o)
                0x0000000000007770                __nx_win_init
 .text.__nx_win_exit
                0x0000000000007820       0x34 F:/Switch/SwitchHomeBrewKit/devkitPro/libnx/lib\libnx.a(default_window.o)
                0x0000000000007820                __nx_win_exit
 *fill*         0x0000000000007854        0xc 
 .text.framebufferMakeLinear
                0x0000000000007860       0x8c F:/Switch/SwitchHomeBrewKit/devkitPro/libnx/lib\libnx.a(framebuffer.o)
                0x0000000000007860                framebufferMakeLinear
 *fill*         0x00000000000078ec        0x4 
 .text.framebufferClose
                0x00000000000078f0       0x80 F:/Switch/SwitchHomeBrewKit/devkitPro/libnx/lib\libnx.a(framebuffer.o)
                0x00000000000078f0                framebufferClose
 .text.framebufferCreate
                0x0000000000007970      0x2b0 F:/Switch/SwitchHomeBrewKit/devkitPro/libnx/lib\libnx.a(framebuffer.o)
                0x0000000000007970                framebufferCreate
 .text.framebufferBegin
                0x0000000000007c20       0x88 F:/Switch/SwitchHomeBrewKit/devkitPro/libnx/lib\libnx.a(framebuffer.o)
                0x0000000000007c20                framebufferBegin
 *fill*         0x0000000000007ca8        0x8 
 .text.framebufferEnd
                0x0000000000007cb0      0x18c F:/Switch/SwitchHomeBrewKit/devkitPro/libnx/lib\libnx.a(framebuffer.o)
                0x0000000000007cb0                framebufferEnd
 *fill*         0x0000000000007e3c        0x4 
 .text.nwindowIsValid
                0x0000000000007e40       0x24 F:/Switch/SwitchHomeBrewKit/devkitPro/libnx/lib\libnx.a(native_window.o)
                0x0000000000007e40                nwindowIsValid
 *fill*         0x0000000000007e64        0xc 
 .text.nwindowClose
                0x0000000000007e70       0x7c F:/Switch/SwitchHomeBrewKit/devkitPro/libnx/lib\libnx.a(native_window.o)
                0x0000000000007e70                nwindowClose
 *fill*         0x0000000000007eec        0x4 
 .text.nwindowCreate
                0x0000000000007ef0       0xf4 F:/Switch/SwitchHomeBrewKit/devkitPro/libnx/lib\libnx.a(native_window.o)
                0x0000000000007ef0                nwindowCreate
 *fill*         0x0000000000007fe4        0xc 
 .text.nwindowCreateFromLayer
                0x0000000000007ff0       0x34 F:/Switch/SwitchHomeBrewKit/devkitPro/libnx/lib\libnx.a(native_window.o)
                0x0000000000007ff0                nwindowCreateFromLayer
 *fill*         0x0000000000008024        0xc 
 .text.nwindowSetDimensions
                0x0000000000008030       0x84 F:/Switch/SwitchHomeBrewKit/devkitPro/libnx/lib\libnx.a(native_window.o)
                0x0000000000008030                nwindowSetDimensions
 *fill*         0x00000000000080b4        0xc 
 .text.nwindowConfigureBuffer
                0x00000000000080c0      0x18c F:/Switch/SwitchHomeBrewKit/devkitPro/libnx/lib\libnx.a(native_window.o)
                0x00000000000080c0                nwindowConfigureBuffer
 *fill*         0x000000000000824c        0x4 
 .text.nwindowDequeueBuffer
                0x0000000000008250      0x1e0 F:/Switch/SwitchHomeBrewKit/devkitPro/libnx/lib\libnx.a(native_window.o)
                0x0000000000008250                nwindowDequeueBuffer
 .text.nwindowQueueBuffer
                0x0000000000008430      0x13c F:/Switch/SwitchHomeBrewKit/devkitPro/libnx/lib\libnx.a(native_window.o)
                0x0000000000008430                nwindowQueueBuffer
 *fill*         0x000000000000856c        0x4 
 .text.nwindowReleaseBuffers
                0x0000000000008570       0x94 F:/Switch/SwitchHomeBrewKit/devkitPro/libnx/lib\libnx.a(native_window.o)
                0x0000000000008570                nwindowReleaseBuffers
 *fill*         0x0000000000008604        0xc 
 .text.__nx_dynamic
                0x0000000000008610       0xa4 F:/Switch/SwitchHomeBrewKit/devkitPro/libnx/lib\libnx.a(dynamic.o)
                0x0000000000008610                __nx_dynamic
 *fill*         0x00000000000086b4        0xc 
 .text.__libnx_initheap
                0x00000000000086c0       0xd4 F:/Switch/SwitchHomeBrewKit/devkitPro/libnx/lib\libnx.a(init.o)
                0x00000000000086c0                __libnx_initheap
 *fill*         0x0000000000008794        0xc 
 .text.__appInit
                0x00000000000087a0       0xec F:/Switch/SwitchHomeBrewKit/devkitPro/libnx/lib\libnx.a(init.o)
                0x00000000000087a0                __appInit
 *fill*         0x000000000000888c        0x4 
 .text.__appExit
                0x0000000000008890       0x44 F:/Switch/SwitchHomeBrewKit/devkitPro/libnx/lib\libnx.a(init.o)
                0x0000000000008890                __appExit
 *fill*         0x00000000000088d4        0xc 
 .text.__libnx_init
                0x00000000000088e0       0x2c F:/Switch/SwitchHomeBrewKit/devkitPro/libnx/lib\libnx.a(init.o)
                0x00000000000088e0                __libnx_init
 *fill*         0x000000000000890c        0x4 
 .text.__libnx_exit
                0x0000000000008910       0x20 F:/Switch/SwitchHomeBrewKit/devkitPro/libnx/lib\libnx.a(init.o)
                0x0000000000008910                __libnx_exit
 .text.__libnx_alloc
                0x0000000000008930        0x4 F:/Switch/SwitchHomeBrewKit/devkitPro/libnx/lib\libnx.a(alloc.o)
                0x0000000000008930                __libnx_alloc
 *fill*         0x0000000000008934        0xc 
 .text.__libnx_aligned_alloc
                0x0000000000008940       0x14 F:/Switch/SwitchHomeBrewKit/devkitPro/libnx/lib\libnx.a(alloc.o)
                0x0000000000008940                __libnx_aligned_alloc
 *fill*         0x0000000000008954        0xc 
 .text.__libnx_free
                0x0000000000008960        0x4 F:/Switch/SwitchHomeBrewKit/devkitPro/libnx/lib\libnx.a(alloc.o)
                0x0000000000008960                __libnx_free
 *fill*         0x0000000000008964        0xc 
 .text.__syscall_exit
                0x0000000000008970       0x1c F:/Switch/SwitchHomeBrewKit/devkitPro/libnx/lib\libnx.a(newlib.o)
                0x0000000000008970                __syscall_exit
 *fill*         0x000000000000898c        0x4 
 .text.__syscall_lock_acquire
                0x0000000000008990        0x4 F:/Switch/SwitchHomeBrewKit/devkitPro/libnx/lib\libnx.a(newlib.o)
                0x0000000000008990                __syscall_lock_acquire
 *fill*         0x0000000000008994        0xc 
 .text.__syscall_lock_release
                0x00000000000089a0        0x4 F:/Switch/SwitchHomeBrewKit/devkitPro/libnx/lib\libnx.a(newlib.o)
                0x00000000000089a0                __syscall_lock_release
 *fill*         0x00000000000089a4        0xc 
 .text.__syscall_lock_acquire_recursive
                0x00000000000089b0        0x4 F:/Switch/SwitchHomeBrewKit/devkitPro/libnx/lib\libnx.a(newlib.o)
                0x00000000000089b0                __syscall_lock_acquire_recursive
 *fill*         0x00000000000089b4        0xc 
 .text.__syscall_lock_release_recursive
                0x00000000000089c0        0x4 F:/Switch/SwitchHomeBrewKit/devkitPro/libnx/lib\libnx.a(newlib.o)
                0x00000000000089c0                __syscall_lock_release_recursive
 *fill*         0x00000000000089c4        0xc 
 .text.__libnx_init_time
                0x00000000000089d0      0x228 F:/Switch/SwitchHomeBrewKit/devkitPro/libnx/lib\libnx.a(newlib.o)
                0x00000000000089d0                __libnx_init_time
 *fill*         0x0000000000008bf8        0x8 
 .text.newlibSetup
                0x0000000000008c00       0x84 F:/Switch/SwitchHomeBrewKit/devkitPro/libnx/lib\libnx.a(newlib.o)
                0x0000000000008c00                newlibSetup
 *fill*         0x0000000000008c84        0xc 
 .text.argvSetup
                0x0000000000008c90      0x2f8 F:/Switch/SwitchHomeBrewKit/devkitPro/libnx/lib\libnx.a(argv.o)
                0x0000000000008c90                argvSetup
 *fill*         0x0000000000008f88        0x8 
 .text.fsdev_link
                0x0000000000008f90       0x14 F:/Switch/SwitchHomeBrewKit/devkitPro/libnx/lib\libnx.a(fs_dev.o)
 *fill*         0x0000000000008fa4        0xc 
 .text.fsdev_dirreset
                0x0000000000008fb0       0x14 F:/Switch/SwitchHomeBrewKit/devkitPro/libnx/lib\libnx.a(fs_dev.o)
 *fill*         0x0000000000008fc4        0xc 
 .text.fsdev_chmod
                0x0000000000008fd0       0x14 F:/Switch/SwitchHomeBrewKit/devkitPro/libnx/lib\libnx.a(fs_dev.o)
 *fill*         0x0000000000008fe4        0xc 
 .text.error_cmp
                0x0000000000008ff0       0x18 F:/Switch/SwitchHomeBrewKit/devkitPro/libnx/lib\libnx.a(fs_dev.o)
 *fill*         0x0000000000009008        0x8 
 .text.fsdev_dirclose
                0x0000000000009010       0x20 F:/Switch/SwitchHomeBrewKit/devkitPro/libnx/lib\libnx.a(fs_dev.o)
 .text.fsdev_close
                0x0000000000009030       0x1c F:/Switch/SwitchHomeBrewKit/devkitPro/libnx/lib\libnx.a(fs_dev.o)
 *fill*         0x000000000000904c        0x4 
 .text.fsdev_converttimetoutc
                0x0000000000009050       0x80 F:/Switch/SwitchHomeBrewKit/devkitPro/libnx/lib\libnx.a(fs_dev.o)
 .text.fsdevFindDevice.part.0
                0x00000000000090d0       0xe0 F:/Switch/SwitchHomeBrewKit/devkitPro/libnx/lib\libnx.a(fs_dev.o)
 .text.fsdev_fixpath
                0x00000000000091b0      0x1c0 F:/Switch/SwitchHomeBrewKit/devkitPro/libnx/lib\libnx.a(fs_dev.o)
 .text._fsdevUnmountDeviceStruct.part.0
                0x0000000000009370       0xa0 F:/Switch/SwitchHomeBrewKit/devkitPro/libnx/lib\libnx.a(fs_dev.o)
 .text.fsdev_fchmod
                0x0000000000009410       0x14 F:/Switch/SwitchHomeBrewKit/devkitPro/libnx/lib\libnx.a(fs_dev.o)
 *fill*         0x0000000000009424        0xc 
 .text.fsdev_diropen
                0x0000000000009430      0x108 F:/Switch/SwitchHomeBrewKit/devkitPro/libnx/lib\libnx.a(fs_dev.o)
 *fill*         0x0000000000009538        0x8 
 .text.fsdev_statvfs
                0x0000000000009540       0xfc F:/Switch/SwitchHomeBrewKit/devkitPro/libnx/lib\libnx.a(fs_dev.o)
 *fill*         0x000000000000963c        0x4 
 .text.fsdev_fsync
                0x0000000000009640       0x7c F:/Switch/SwitchHomeBrewKit/devkitPro/libnx/lib\libnx.a(fs_dev.o)
 *fill*         0x00000000000096bc        0x4 
 .text.fsdev_fstat
                0x00000000000096c0       0xf4 F:/Switch/SwitchHomeBrewKit/devkitPro/libnx/lib\libnx.a(fs_dev.o)
 *fill*         0x00000000000097b4        0xc 
 .text.fsdev_ftruncate
                0x00000000000097c0       0x94 F:/Switch/SwitchHomeBrewKit/devkitPro/libnx/lib\libnx.a(fs_dev.o)
 *fill*         0x0000000000009854        0xc 
 .text.fsdev_stat
                0x0000000000009860      0x1fc F:/Switch/SwitchHomeBrewKit/devkitPro/libnx/lib\libnx.a(fs_dev.o)
 *fill*         0x0000000000009a5c        0x4 
 .text.fsdev_rename
                0x0000000000009a60      0x14c F:/Switch/SwitchHomeBrewKit/devkitPro/libnx/lib\libnx.a(fs_dev.o)
 *fill*         0x0000000000009bac        0x4 
 .text.fsdev_chdir
                0x0000000000009bb0      0x140 F:/Switch/SwitchHomeBrewKit/devkitPro/libnx/lib\libnx.a(fs_dev.o)
 .text.fsdev_mkdir
                0x0000000000009cf0       0xa4 F:/Switch/SwitchHomeBrewKit/devkitPro/libnx/lib\libnx.a(fs_dev.o)
 *fill*         0x0000000000009d94        0xc 
 .text.fsdev_unlink
                0x0000000000009da0       0xa4 F:/Switch/SwitchHomeBrewKit/devkitPro/libnx/lib\libnx.a(fs_dev.o)
 *fill*         0x0000000000009e44        0xc 
 .text.fsdev_rmdir
                0x0000000000009e50       0xa4 F:/Switch/SwitchHomeBrewKit/devkitPro/libnx/lib\libnx.a(fs_dev.o)
 *fill*         0x0000000000009ef4        0xc 
 .text.fsdev_write_safe
                0x0000000000009f00      0x144 F:/Switch/SwitchHomeBrewKit/devkitPro/libnx/lib\libnx.a(fs_dev.o)
 *fill*         0x000000000000a044        0xc 
 .text.fsdev_read_safe
                0x000000000000a050      0x13c F:/Switch/SwitchHomeBrewKit/devkitPro/libnx/lib\libnx.a(fs_dev.o)
 *fill*         0x000000000000a18c        0x4 
 .text.fsdev_read
                0x000000000000a190      0x100 F:/Switch/SwitchHomeBrewKit/devkitPro/libnx/lib\libnx.a(fs_dev.o)
 .text.fsdev_dirnext
                0x000000000000a290      0x1b8 F:/Switch/SwitchHomeBrewKit/devkitPro/libnx/lib\libnx.a(fs_dev.o)
 *fill*         0x000000000000a448        0x8 
 .text.fsdev_write
                0x000000000000a450      0x124 F:/Switch/SwitchHomeBrewKit/devkitPro/libnx/lib\libnx.a(fs_dev.o)
 *fill*         0x000000000000a574        0xc 
 .text.fsdev_seek
                0x000000000000a580       0xec F:/Switch/SwitchHomeBrewKit/devkitPro/libnx/lib\libnx.a(fs_dev.o)
 *fill*         0x000000000000a66c        0x4 
 .text.fsdev_open
                0x000000000000a670      0x244 F:/Switch/SwitchHomeBrewKit/devkitPro/libnx/lib\libnx.a(fs_dev.o)
 *fill*         0x000000000000a8b4        0xc 
 .text.fsdevMountDevice
                0x000000000000a8c0      0x224 F:/Switch/SwitchHomeBrewKit/devkitPro/libnx/lib\libnx.a(fs_dev.o)
                0x000000000000a8c0                fsdevMountDevice
 *fill*         0x000000000000aae4        0xc 
 .text.fsdevMountSdmc
                0x000000000000aaf0       0x40 F:/Switch/SwitchHomeBrewKit/devkitPro/libnx/lib\libnx.a(fs_dev.o)
                0x000000000000aaf0                fsdevMountSdmc
 .text.__libnx_init_cwd
                0x000000000000ab30       0xc0 F:/Switch/SwitchHomeBrewKit/devkitPro/libnx/lib\libnx.a(fs_dev.o)
                0x000000000000ab30                __libnx_init_cwd
 .text.fsdevUnmountAll
                0x000000000000abf0       0x64 F:/Switch/SwitchHomeBrewKit/devkitPro/libnx/lib\libnx.a(fs_dev.o)
                0x000000000000abf0                fsdevUnmountAll
 *fill*         0x000000000000ac54        0xc 
 .text.decode_utf8
                0x000000000000ac60      0x12c F:/Switch/SwitchHomeBrewKit/devkitPro/libnx/lib\libnx.a(decode_utf8.o)
                0x000000000000ac60                decode_utf8
 .text.armDCacheFlush
                0x000000000000ad8c       0x4c F:/Switch/SwitchHomeBrewKit/devkitPro/libnx/lib\libnx.a(cache.o)
                0x000000000000ad8c                armDCacheFlush
 .text.__libnx_exception_entry
                0x000000000000add8      0x1c0 F:/Switch/SwitchHomeBrewKit/devkitPro/libnx/lib\libnx.a(exception.o)
                0x000000000000add8                __libnx_exception_entry
 .text.__libnx_exception_returnentry
                0x000000000000af98       0x18 F:/Switch/SwitchHomeBrewKit/devkitPro/libnx/lib\libnx.a(exception.o)
                0x000000000000af98                __libnx_exception_returnentry
 .text.__aarch64_read_tp
                0x000000000000afb0        0xc F:/Switch/SwitchHomeBrewKit/devkitPro/libnx/lib\libnx.a(readtp.o)
                0x000000000000afb0                __aarch64_read_tp
 *fill*         0x000000000000afbc        0x4 
 .text.shmemLoadRemote
                0x000000000000afc0       0x14 F:/Switch/SwitchHomeBrewKit/devkitPro/libnx/lib\libnx.a(shmem.o)
                0x000000000000afc0                shmemLoadRemote
 *fill*         0x000000000000afd4        0xc 
 .text.shmemMap
                0x000000000000afe0       0x88 F:/Switch/SwitchHomeBrewKit/devkitPro/libnx/lib\libnx.a(shmem.o)
                0x000000000000afe0                shmemMap
 *fill*         0x000000000000b068        0x8 
 .text.shmemUnmap
                0x000000000000b070       0x34 F:/Switch/SwitchHomeBrewKit/devkitPro/libnx/lib\libnx.a(shmem.o)
                0x000000000000b070                shmemUnmap
 *fill*         0x000000000000b0a4        0xc 
 .text.shmemClose
                0x000000000000b0b0       0x44 F:/Switch/SwitchHomeBrewKit/devkitPro/libnx/lib\libnx.a(shmem.o)
                0x000000000000b0b0                shmemClose
 *fill*         0x000000000000b0f4        0xc 
 .text.condvarWaitTimeout
                0x000000000000b100       0x64 F:/Switch/SwitchHomeBrewKit/devkitPro/libnx/lib\libnx.a(condvar.o)
                0x000000000000b100                condvarWaitTimeout
 *fill*         0x000000000000b164        0xc 
 .text.__libnx_init_thread
                0x000000000000b170       0xb0 F:/Switch/SwitchHomeBrewKit/devkitPro/libnx/lib\libnx.a(thread.o)
                0x000000000000b170                __libnx_init_thread
 .text._viCleanup
                0x000000000000b220      0x1dc F:/Switch/SwitchHomeBrewKit/devkitPro/libnx/lib\libnx.a(vi.o)
 *fill*         0x000000000000b3fc        0x4 
 .text._viCmdGetSessionNoParams.constprop.0
                0x000000000000b400      0x100 F:/Switch/SwitchHomeBrewKit/devkitPro/libnx/lib\libnx.a(vi.o)
 .text._viCmdGetSession.constprop.0
                0x000000000000b500       0xfc F:/Switch/SwitchHomeBrewKit/devkitPro/libnx/lib\libnx.a(vi.o)
 *fill*         0x000000000000b5fc        0x4 
 .text.viInitialize
                0x000000000000b600      0x28c F:/Switch/SwitchHomeBrewKit/devkitPro/libnx/lib\libnx.a(vi.o)
                0x000000000000b600                viInitialize
 *fill*         0x000000000000b88c        0x4 
 .text.viExit   0x000000000000b890       0x44 F:/Switch/SwitchHomeBrewKit/devkitPro/libnx/lib\libnx.a(vi.o)
                0x000000000000b890                viExit
 *fill*         0x000000000000b8d4        0xc 
 .text.viGetSession_IHOSBinderDriverRelay
                0x000000000000b8e0        0xc F:/Switch/SwitchHomeBrewKit/devkitPro/libnx/lib\libnx.a(vi.o)
                0x000000000000b8e0                viGetSession_IHOSBinderDriverRelay
 *fill*         0x000000000000b8ec        0x4 
 .text.viOpenDisplay
                0x000000000000b8f0      0x110 F:/Switch/SwitchHomeBrewKit/devkitPro/libnx/lib\libnx.a(vi.o)
                0x000000000000b8f0                viOpenDisplay
 .text.viCloseDisplay
                0x000000000000ba00       0xf4 F:/Switch/SwitchHomeBrewKit/devkitPro/libnx/lib\libnx.a(vi.o)
                0x000000000000ba00                viCloseDisplay
 *fill*         0x000000000000baf4        0xc 
 .text.viCloseLayer
                0x000000000000bb00       0xfc F:/Switch/SwitchHomeBrewKit/devkitPro/libnx/lib\libnx.a(vi.o)
                0x000000000000bb00                viCloseLayer
 *fill*         0x000000000000bbfc        0x4 
 .text.viCreateLayer
                0x000000000000bc00      0x378 F:/Switch/SwitchHomeBrewKit/devkitPro/libnx/lib\libnx.a(vi.o)
                0x000000000000bc00                viCreateLayer
 *fill*         0x000000000000bf78        0x8 
 .text.viSetLayerScalingMode
                0x000000000000bf80       0xd8 F:/Switch/SwitchHomeBrewKit/devkitPro/libnx/lib\libnx.a(vi.o)
                0x000000000000bf80                viSetLayerScalingMode
 *fill*         0x000000000000c058        0x8 
 .text._nvSetClientPID
                0x000000000000c060       0xd0 F:/Switch/SwitchHomeBrewKit/devkitPro/libnx/lib\libnx.a(nv.o)
 .text._nvCleanup
                0x000000000000c130       0xc8 F:/Switch/SwitchHomeBrewKit/devkitPro/libnx/lib\libnx.a(nv.o)
 *fill*         0x000000000000c1f8        0x8 
 .text._nvCmdInitialize.constprop.0
                0x000000000000c200       0xd8 F:/Switch/SwitchHomeBrewKit/devkitPro/libnx/lib\libnx.a(nv.o)
 *fill*         0x000000000000c2d8        0x8 
 .text.__nx_nv_create_tmem
                0x000000000000c2e0       0x1c F:/Switch/SwitchHomeBrewKit/devkitPro/libnx/lib\libnx.a(nv.o)
                0x000000000000c2e0                __nx_nv_create_tmem
 *fill*         0x000000000000c2fc        0x4 
 .text.nvInitialize
                0x000000000000c300      0x258 F:/Switch/SwitchHomeBrewKit/devkitPro/libnx/lib\libnx.a(nv.o)
                0x000000000000c300                nvInitialize
 *fill*         0x000000000000c558        0x8 
 .text.nvExit   0x000000000000c560       0x44 F:/Switch/SwitchHomeBrewKit/devkitPro/libnx/lib\libnx.a(nv.o)
                0x000000000000c560                nvExit
 *fill*         0x000000000000c5a4        0xc 
 .text.nvConvertError
                0x000000000000c5b0       0xf4 F:/Switch/SwitchHomeBrewKit/devkitPro/libnx/lib\libnx.a(nv.o)
                0x000000000000c5b0                nvConvertError
 *fill*         0x000000000000c6a4        0xc 
 .text.nvOpen   0x000000000000c6b0      0x118 F:/Switch/SwitchHomeBrewKit/devkitPro/libnx/lib\libnx.a(nv.o)
                0x000000000000c6b0                nvOpen
 *fill*         0x000000000000c7c8        0x8 
 .text.nvIoctl  0x000000000000c7d0      0x2fc F:/Switch/SwitchHomeBrewKit/devkitPro/libnx/lib\libnx.a(nv.o)
                0x000000000000c7d0                nvIoctl
 *fill*         0x000000000000cacc        0x4 
 .text.nvClose  0x000000000000cad0       0xd8 F:/Switch/SwitchHomeBrewKit/devkitPro/libnx/lib\libnx.a(nv.o)
                0x000000000000cad0                nvClose
 *fill*         0x000000000000cba8        0x8 
 .text.nvQueryEvent
                0x000000000000cbb0      0x108 F:/Switch/SwitchHomeBrewKit/devkitPro/libnx/lib\libnx.a(nv.o)
                0x000000000000cbb0                nvQueryEvent
 *fill*         0x000000000000ccb8        0x8 
 .text._fsCleanup
                0x000000000000ccc0       0xb4 F:/Switch/SwitchHomeBrewKit/devkitPro/libnx/lib\libnx.a(fs.o)
 *fill*         0x000000000000cd74        0xc 
 .text._fsCmdNoIO
                0x000000000000cd80      0x1a8 F:/Switch/SwitchHomeBrewKit/devkitPro/libnx/lib\libnx.a(fs.o)
 *fill*         0x000000000000cf28        0x8 
 .text._fsFsCmdWithInPath
                0x000000000000cf30      0x1d8 F:/Switch/SwitchHomeBrewKit/devkitPro/libnx/lib\libnx.a(fs.o)
 *fill*         0x000000000000d108        0x8 
 .text._fsFsCmdWithTwoInPaths
                0x000000000000d110      0x1f4 F:/Switch/SwitchHomeBrewKit/devkitPro/libnx/lib\libnx.a(fs.o)
 *fill*         0x000000000000d304        0xc 
 .text._fsFsOpenCommon
                0x000000000000d310      0x25c F:/Switch/SwitchHomeBrewKit/devkitPro/libnx/lib\libnx.a(fs.o)
 *fill*         0x000000000000d56c        0x4 
 .text._fsFsCmdWithInPathAndOutU64
                0x000000000000d570      0x1ec F:/Switch/SwitchHomeBrewKit/devkitPro/libnx/lib\libnx.a(fs.o)
 *fill*         0x000000000000d75c        0x4 
 .text._fsObjectClose
                0x000000000000d760       0xf4 F:/Switch/SwitchHomeBrewKit/devkitPro/libnx/lib\libnx.a(fs.o)
 *fill*         0x000000000000d854        0xc 
 .text._fsCmdGetSession.constprop.0
                0x000000000000d860      0x1f4 F:/Switch/SwitchHomeBrewKit/devkitPro/libnx/lib\libnx.a(fs.o)
 *fill*         0x000000000000da54        0xc 
 .text.fsInitialize
                0x000000000000da60      0x2f8 F:/Switch/SwitchHomeBrewKit/devkitPro/libnx/lib\libnx.a(fs.o)
                0x000000000000da60                fsInitialize
 *fill*         0x000000000000dd58        0x8 
 .text.fsExit   0x000000000000dd60       0x44 F:/Switch/SwitchHomeBrewKit/devkitPro/libnx/lib\libnx.a(fs.o)
                0x000000000000dd60                fsExit
 *fill*         0x000000000000dda4        0xc 
 .text.fsOpenSdCardFileSystem
                0x000000000000ddb0        0x8 F:/Switch/SwitchHomeBrewKit/devkitPro/libnx/lib\libnx.a(fs.o)
                0x000000000000ddb0                fsOpenSdCardFileSystem
 *fill*         0x000000000000ddb8        0x8 
 .text.fsFsCreateFile
                0x000000000000ddc0      0x1f0 F:/Switch/SwitchHomeBrewKit/devkitPro/libnx/lib\libnx.a(fs.o)
                0x000000000000ddc0                fsFsCreateFile
 .text.fsFsDeleteFile
                0x000000000000dfb0        0x8 F:/Switch/SwitchHomeBrewKit/devkitPro/libnx/lib\libnx.a(fs.o)
                0x000000000000dfb0                fsFsDeleteFile
 *fill*         0x000000000000dfb8        0x8 
 .text.fsFsCreateDirectory
                0x000000000000dfc0        0x8 F:/Switch/SwitchHomeBrewKit/devkitPro/libnx/lib\libnx.a(fs.o)
                0x000000000000dfc0                fsFsCreateDirectory
 *fill*         0x000000000000dfc8        0x8 
 .text.fsFsDeleteDirectory
                0x000000000000dfd0        0x8 F:/Switch/SwitchHomeBrewKit/devkitPro/libnx/lib\libnx.a(fs.o)
                0x000000000000dfd0                fsFsDeleteDirectory
 *fill*         0x000000000000dfd8        0x8 
 .text.fsFsRenameFile
                0x000000000000dfe0        0x8 F:/Switch/SwitchHomeBrewKit/devkitPro/libnx/lib\libnx.a(fs.o)
                0x000000000000dfe0                fsFsRenameFile
 *fill*         0x000000000000dfe8        0x8 
 .text.fsFsRenameDirectory
                0x000000000000dff0        0x8 F:/Switch/SwitchHomeBrewKit/devkitPro/libnx/lib\libnx.a(fs.o)
                0x000000000000dff0                fsFsRenameDirectory
 *fill*         0x000000000000dff8        0x8 
 .text.fsFsGetEntryType
                0x000000000000e000      0x1f0 F:/Switch/SwitchHomeBrewKit/devkitPro/libnx/lib\libnx.a(fs.o)
                0x000000000000e000                fsFsGetEntryType
 .text.fsFsOpenFile
                0x000000000000e1f0        0x8 F:/Switch/SwitchHomeBrewKit/devkitPro/libnx/lib\libnx.a(fs.o)
                0x000000000000e1f0                fsFsOpenFile
 *fill*         0x000000000000e1f8        0x8 
 .text.fsFsOpenDirectory
                0x000000000000e200        0x8 F:/Switch/SwitchHomeBrewKit/devkitPro/libnx/lib\libnx.a(fs.o)
                0x000000000000e200                fsFsOpenDirectory
 *fill*         0x000000000000e208        0x8 
 .text.fsFsGetFreeSpace
                0x000000000000e210        0x8 F:/Switch/SwitchHomeBrewKit/devkitPro/libnx/lib\libnx.a(fs.o)
                0x000000000000e210                fsFsGetFreeSpace
 *fill*         0x000000000000e218        0x8 
 .text.fsFsGetTotalSpace
                0x000000000000e220        0x8 F:/Switch/SwitchHomeBrewKit/devkitPro/libnx/lib\libnx.a(fs.o)
                0x000000000000e220                fsFsGetTotalSpace
 *fill*         0x000000000000e228        0x8 
 .text.fsFsGetFileTimeStampRaw
                0x000000000000e230      0x230 F:/Switch/SwitchHomeBrewKit/devkitPro/libnx/lib\libnx.a(fs.o)
                0x000000000000e230                fsFsGetFileTimeStampRaw
 .text.fsFsClose
                0x000000000000e460        0x4 F:/Switch/SwitchHomeBrewKit/devkitPro/libnx/lib\libnx.a(fs.o)
                0x000000000000e460                fsFsClose
 *fill*         0x000000000000e464        0xc 
 .text.fsFileRead
                0x000000000000e470      0x218 F:/Switch/SwitchHomeBrewKit/devkitPro/libnx/lib\libnx.a(fs.o)
                0x000000000000e470                fsFileRead
 *fill*         0x000000000000e688        0x8 
 .text.fsFileWrite
                0x000000000000e690      0x200 F:/Switch/SwitchHomeBrewKit/devkitPro/libnx/lib\libnx.a(fs.o)
                0x000000000000e690                fsFileWrite
 .text.fsFileFlush
                0x000000000000e890        0x8 F:/Switch/SwitchHomeBrewKit/devkitPro/libnx/lib\libnx.a(fs.o)
                0x000000000000e890                fsFileFlush
 *fill*         0x000000000000e898        0x8 
 .text.fsFileSetSize
                0x000000000000e8a0      0x1b8 F:/Switch/SwitchHomeBrewKit/devkitPro/libnx/lib\libnx.a(fs.o)
                0x000000000000e8a0                fsFileSetSize
 *fill*         0x000000000000ea58        0x8 
 .text.fsFileGetSize
                0x000000000000ea60      0x1c4 F:/Switch/SwitchHomeBrewKit/devkitPro/libnx/lib\libnx.a(fs.o)
                0x000000000000ea60                fsFileGetSize
 *fill*         0x000000000000ec24        0xc 
 .text.fsFileClose
                0x000000000000ec30        0x4 F:/Switch/SwitchHomeBrewKit/devkitPro/libnx/lib\libnx.a(fs.o)
                0x000000000000ec30                fsFileClose
 *fill*         0x000000000000ec34        0xc 
 .text.fsDirClose
                0x000000000000ec40        0x4 F:/Switch/SwitchHomeBrewKit/devkitPro/libnx/lib\libnx.a(fs.o)
                0x000000000000ec40                fsDirClose
 *fill*         0x000000000000ec44        0xc 
 .text.fsDirRead
                0x000000000000ec50      0x1fc F:/Switch/SwitchHomeBrewKit/devkitPro/libnx/lib\libnx.a(fs.o)
                0x000000000000ec50                fsDirRead
 *fill*         0x000000000000ee4c        0x4 
 .text._setsysGetFirmwareVersionImpl
                0x000000000000ee50       0xd4 F:/Switch/SwitchHomeBrewKit/devkitPro/libnx/lib\libnx.a(set.o)
 *fill*         0x000000000000ef24        0xc 
 .text._setsysCleanup
                0x000000000000ef30       0x68 F:/Switch/SwitchHomeBrewKit/devkitPro/libnx/lib\libnx.a(set.o)
 *fill*         0x000000000000ef98        0x8 
 .text.setsysInitialize
                0x000000000000efa0       0xa0 F:/Switch/SwitchHomeBrewKit/devkitPro/libnx/lib\libnx.a(set.o)
                0x000000000000efa0                setsysInitialize
 .text.setsysExit
                0x000000000000f040       0x44 F:/Switch/SwitchHomeBrewKit/devkitPro/libnx/lib\libnx.a(set.o)
                0x000000000000f040                setsysExit
 *fill*         0x000000000000f084        0xc 
 .text.setsysGetFirmwareVersion
                0x000000000000f090       0x44 F:/Switch/SwitchHomeBrewKit/devkitPro/libnx/lib\libnx.a(set.o)
                0x000000000000f090                setsysGetFirmwareVersion
 *fill*         0x000000000000f0d4        0xc 
 .text._timeCleanup
                0x000000000000f0e0      0x228 F:/Switch/SwitchHomeBrewKit/devkitPro/libnx/lib\libnx.a(time.o)
 *fill*         0x000000000000f308        0x8 
 .text._timeCmdGetSession.constprop.0
                0x000000000000f310      0x100 F:/Switch/SwitchHomeBrewKit/devkitPro/libnx/lib\libnx.a(time.o)
 .text._timeGetSharedMemoryNativeHandle.constprop.0
                0x000000000000f410       0xcc F:/Switch/SwitchHomeBrewKit/devkitPro/libnx/lib\libnx.a(time.o)
 *fill*         0x000000000000f4dc        0x4 
 .text._timeCmdNoInOutU64.constprop.0.isra.0
                0x000000000000f4e0       0xc4 F:/Switch/SwitchHomeBrewKit/devkitPro/libnx/lib\libnx.a(time.o)
 *fill*         0x000000000000f5a4        0xc 
 .text._timeReadClockFromSharedMem
                0x000000000000f5b0      0x110 F:/Switch/SwitchHomeBrewKit/devkitPro/libnx/lib\libnx.a(time.o)
 .text.timeInitialize
                0x000000000000f6c0      0x238 F:/Switch/SwitchHomeBrewKit/devkitPro/libnx/lib\libnx.a(time.o)
                0x000000000000f6c0                timeInitialize
 *fill*         0x000000000000f8f8        0x8 
 .text.timeExit
                0x000000000000f900       0x44 F:/Switch/SwitchHomeBrewKit/devkitPro/libnx/lib\libnx.a(time.o)
                0x000000000000f900                timeExit
 *fill*         0x000000000000f944        0xc 
 .text.timeGetServiceSession_SystemClock
                0x000000000000f950       0x38 F:/Switch/SwitchHomeBrewKit/devkitPro/libnx/lib\libnx.a(time.o)
                0x000000000000f950                timeGetServiceSession_SystemClock
 *fill*         0x000000000000f988        0x8 
 .text.timeGetCurrentTime
                0x000000000000f990       0x68 F:/Switch/SwitchHomeBrewKit/devkitPro/libnx/lib\libnx.a(time.o)
                0x000000000000f990                timeGetCurrentTime
 *fill*         0x000000000000f9f8        0x8 
 .text.timeToCalendarTimeWithMyRule
                0x000000000000fa00      0x110 F:/Switch/SwitchHomeBrewKit/devkitPro/libnx/lib\libnx.a(time.o)
                0x000000000000fa00                timeToCalendarTimeWithMyRule
 .text.timeToPosixTimeWithMyRule
                0x000000000000fb10      0x104 F:/Switch/SwitchHomeBrewKit/devkitPro/libnx/lib\libnx.a(time.o)
                0x000000000000fb10                timeToPosixTimeWithMyRule
 *fill*         0x000000000000fc14        0xc 
 .text._nvFenceCleanup
                0x000000000000fc20       0x7c F:/Switch/SwitchHomeBrewKit/devkitPro/libnx/lib\libnx.a(fence.o)
 *fill*         0x000000000000fc9c        0x4 
 .text.nvFenceInit
                0x000000000000fca0       0x98 F:/Switch/SwitchHomeBrewKit/devkitPro/libnx/lib\libnx.a(fence.o)
                0x000000000000fca0                nvFenceInit
 *fill*         0x000000000000fd38        0x8 
 .text.nvFenceExit
                0x000000000000fd40       0x44 F:/Switch/SwitchHomeBrewKit/devkitPro/libnx/lib\libnx.a(fence.o)
                0x000000000000fd40                nvFenceExit
 *fill*         0x000000000000fd84        0xc 
 .text.nvFenceWait
                0x000000000000fd90      0x240 F:/Switch/SwitchHomeBrewKit/devkitPro/libnx/lib\libnx.a(fence.o)
                0x000000000000fd90                nvFenceWait
 .text.nvMultiFenceWait
                0x000000000000ffd0       0x74 F:/Switch/SwitchHomeBrewKit/devkitPro/libnx/lib\libnx.a(fence.o)
                0x000000000000ffd0                nvMultiFenceWait
 *fill*         0x0000000000010044        0xc 
 .text.nvMapInit
                0x0000000000010050       0xb4 F:/Switch/SwitchHomeBrewKit/devkitPro/libnx/lib\libnx.a(map.o)
                0x0000000000010050                nvMapInit
 *fill*         0x0000000000010104        0xc 
 .text.nvMapExit
                0x0000000000010110       0x6c F:/Switch/SwitchHomeBrewKit/devkitPro/libnx/lib\libnx.a(map.o)
                0x0000000000010110                nvMapExit
 *fill*         0x000000000001017c        0x4 
 .text.nvMapClose
                0x0000000000010180       0x80 F:/Switch/SwitchHomeBrewKit/devkitPro/libnx/lib\libnx.a(map.o)
                0x0000000000010180                nvMapClose
 .text.nvMapCreate
                0x0000000000010200      0x154 F:/Switch/SwitchHomeBrewKit/devkitPro/libnx/lib\libnx.a(map.o)
                0x0000000000010200                nvMapCreate
 *fill*         0x0000000000010354        0xc 
 .text.nvioctlNvhostCtrl_EventSignal
                0x0000000000010360       0x28 F:/Switch/SwitchHomeBrewKit/devkitPro/libnx/lib\libnx.a(nvhost-ctrl.o)
                0x0000000000010360                nvioctlNvhostCtrl_EventSignal
 *fill*         0x0000000000010388        0x8 
 .text.nvioctlNvhostCtrl_EventWait
                0x0000000000010390       0x44 F:/Switch/SwitchHomeBrewKit/devkitPro/libnx/lib\libnx.a(nvhost-ctrl.o)
                0x0000000000010390                nvioctlNvhostCtrl_EventWait
 *fill*         0x00000000000103d4        0xc 
 .text.nvioctlNvhostCtrl_EventWaitAsync
                0x00000000000103e0       0x30 F:/Switch/SwitchHomeBrewKit/devkitPro/libnx/lib\libnx.a(nvhost-ctrl.o)
                0x00000000000103e0                nvioctlNvhostCtrl_EventWaitAsync
 .text.nvioctlNvhostCtrl_EventRegister
                0x0000000000010410       0x28 F:/Switch/SwitchHomeBrewKit/devkitPro/libnx/lib\libnx.a(nvhost-ctrl.o)
                0x0000000000010410                nvioctlNvhostCtrl_EventRegister
 *fill*         0x0000000000010438        0x8 
 .text.nvioctlNvhostCtrl_EventUnregister
                0x0000000000010440       0x28 F:/Switch/SwitchHomeBrewKit/devkitPro/libnx/lib\libnx.a(nvhost-ctrl.o)
                0x0000000000010440                nvioctlNvhostCtrl_EventUnregister
 *fill*         0x0000000000010468        0x8 
 .text.nvioctlNvmap_Create
                0x0000000000010470       0x40 F:/Switch/SwitchHomeBrewKit/devkitPro/libnx/lib\libnx.a(nvmap.o)
                0x0000000000010470                nvioctlNvmap_Create
 .text.nvioctlNvmap_Alloc
                0x00000000000104b0       0x38 F:/Switch/SwitchHomeBrewKit/devkitPro/libnx/lib\libnx.a(nvmap.o)
                0x00000000000104b0                nvioctlNvmap_Alloc
 *fill*         0x00000000000104e8        0x8 
 .text.nvioctlNvmap_Free
                0x00000000000104f0       0x34 F:/Switch/SwitchHomeBrewKit/devkitPro/libnx/lib\libnx.a(nvmap.o)
                0x00000000000104f0                nvioctlNvmap_Free
 *fill*         0x0000000000010524        0xc 
 .text.nvioctlNvmap_GetId
                0x0000000000010530       0x40 F:/Switch/SwitchHomeBrewKit/devkitPro/libnx/lib\libnx.a(nvmap.o)
                0x0000000000010530                nvioctlNvmap_GetId
 .text.bqRequestBuffer
                0x0000000000010570       0xd8 F:/Switch/SwitchHomeBrewKit/devkitPro/libnx/lib\libnx.a(buffer_producer.o)
                0x0000000000010570                bqRequestBuffer
 *fill*         0x0000000000010648        0x8 
 .text.bqDequeueBuffer
                0x0000000000010650      0x160 F:/Switch/SwitchHomeBrewKit/devkitPro/libnx/lib\libnx.a(buffer_producer.o)
                0x0000000000010650                bqDequeueBuffer
 .text.bqQueueBuffer
                0x00000000000107b0       0xdc F:/Switch/SwitchHomeBrewKit/devkitPro/libnx/lib\libnx.a(buffer_producer.o)
                0x00000000000107b0                bqQueueBuffer
 *fill*         0x000000000001088c        0x4 
 .text.bqCancelBuffer
                0x0000000000010890       0x94 F:/Switch/SwitchHomeBrewKit/devkitPro/libnx/lib\libnx.a(buffer_producer.o)
                0x0000000000010890                bqCancelBuffer
 *fill*         0x0000000000010924        0xc 
 .text.bqConnect
                0x0000000000010930       0xe4 F:/Switch/SwitchHomeBrewKit/devkitPro/libnx/lib\libnx.a(buffer_producer.o)
                0x0000000000010930                bqConnect
 *fill*         0x0000000000010a14        0xc 
 .text.bqDisconnect
                0x0000000000010a20       0x9c F:/Switch/SwitchHomeBrewKit/devkitPro/libnx/lib\libnx.a(buffer_producer.o)
                0x0000000000010a20                bqDisconnect
 *fill*         0x0000000000010abc        0x4 
 .text.bqSetPreallocatedBuffer
                0x0000000000010ac0      0x17c F:/Switch/SwitchHomeBrewKit/devkitPro/libnx/lib\libnx.a(buffer_producer.o)
                0x0000000000010ac0                bqSetPreallocatedBuffer
 *fill*         0x0000000000010c3c        0x4 
 .text.binderCreate
                0x0000000000010c40       0x1c F:/Switch/SwitchHomeBrewKit/devkitPro/libnx/lib\libnx.a(binder.o)
                0x0000000000010c40                binderCreate
 *fill*         0x0000000000010c5c        0x4 
 .text.binderTransactParcel
                0x0000000000010c60      0x3d0 F:/Switch/SwitchHomeBrewKit/devkitPro/libnx/lib\libnx.a(binder.o)
                0x0000000000010c60                binderTransactParcel
 .text.binderConvertErrorCode
                0x0000000000011030       0xe8 F:/Switch/SwitchHomeBrewKit/devkitPro/libnx/lib\libnx.a(binder.o)
                0x0000000000011030                binderConvertErrorCode
 *fill*         0x0000000000011118        0x8 
 .text.binderAdjustRefcount
                0x0000000000011120      0x124 F:/Switch/SwitchHomeBrewKit/devkitPro/libnx/lib\libnx.a(binder.o)
                0x0000000000011120                binderAdjustRefcount
 *fill*         0x0000000000011244        0xc 
 .text.binderInitSession
                0x0000000000011250       0x98 F:/Switch/SwitchHomeBrewKit/devkitPro/libnx/lib\libnx.a(binder.o)
                0x0000000000011250                binderInitSession
 *fill*         0x00000000000112e8        0x8 
 .text.binderClose
                0x00000000000112f0       0x68 F:/Switch/SwitchHomeBrewKit/devkitPro/libnx/lib\libnx.a(binder.o)
                0x00000000000112f0                binderClose
 *fill*         0x0000000000011358        0x8 
 .text.binderGetNativeHandle
                0x0000000000011360      0x158 F:/Switch/SwitchHomeBrewKit/devkitPro/libnx/lib\libnx.a(binder.o)
                0x0000000000011360                binderGetNativeHandle
 *fill*         0x00000000000114b8        0x8 
 .text.parcelCreate
                0x00000000000114c0       0x30 F:/Switch/SwitchHomeBrewKit/devkitPro/libnx/lib\libnx.a(parcel.o)
                0x00000000000114c0                parcelCreate
 .text.parcelTransact
                0x00000000000114f0      0x19c F:/Switch/SwitchHomeBrewKit/devkitPro/libnx/lib\libnx.a(parcel.o)
                0x00000000000114f0                parcelTransact
 *fill*         0x000000000001168c        0x4 
 .text.parcelWriteData
                0x0000000000011690       0x88 F:/Switch/SwitchHomeBrewKit/devkitPro/libnx/lib\libnx.a(parcel.o)
                0x0000000000011690                parcelWriteData
 *fill*         0x0000000000011718        0x8 
 .text.parcelReadData
                0x0000000000011720       0x98 F:/Switch/SwitchHomeBrewKit/devkitPro/libnx/lib\libnx.a(parcel.o)
                0x0000000000011720                parcelReadData
 *fill*         0x00000000000117b8        0x8 
 .text.parcelWriteInt32
                0x00000000000117c0       0x20 F:/Switch/SwitchHomeBrewKit/devkitPro/libnx/lib\libnx.a(parcel.o)
                0x00000000000117c0                parcelWriteInt32
 .text.parcelWriteUInt32
                0x00000000000117e0       0x20 F:/Switch/SwitchHomeBrewKit/devkitPro/libnx/lib\libnx.a(parcel.o)
                0x00000000000117e0                parcelWriteUInt32
 .text.parcelWriteString16
                0x0000000000011800       0x7c F:/Switch/SwitchHomeBrewKit/devkitPro/libnx/lib\libnx.a(parcel.o)
                0x0000000000011800                parcelWriteString16
 *fill*         0x000000000001187c        0x4 
 .text.parcelWriteInterfaceToken
                0x0000000000011880       0x30 F:/Switch/SwitchHomeBrewKit/devkitPro/libnx/lib\libnx.a(parcel.o)
                0x0000000000011880                parcelWriteInterfaceToken
 .text.parcelReadInt32
                0x00000000000118b0       0x24 F:/Switch/SwitchHomeBrewKit/devkitPro/libnx/lib\libnx.a(parcel.o)
                0x00000000000118b0                parcelReadInt32
 *fill*         0x00000000000118d4        0xc 
 .text.parcelReadFlattenedObject
                0x00000000000118e0       0x68 F:/Switch/SwitchHomeBrewKit/devkitPro/libnx/lib\libnx.a(parcel.o)
                0x00000000000118e0                parcelReadFlattenedObject
 *fill*         0x0000000000011948        0x8 
 .text.parcelWriteFlattenedObject
                0x0000000000011950       0x4c F:/Switch/SwitchHomeBrewKit/devkitPro/libnx/lib\libnx.a(parcel.o)
                0x0000000000011950                parcelWriteFlattenedObject
 *fill*         0x000000000001199c        0x4 
 .text.nxlinkSetup
                0x00000000000119a0       0xc4 F:/Switch/SwitchHomeBrewKit/devkitPro/libnx/lib\libnx.a(nxlink.o)
                0x00000000000119a0                nxlinkSetup
 *fill*         0x0000000000011a64        0xc 
 .text.sessionmgrCreate
                0x0000000000011a70      0x178 F:/Switch/SwitchHomeBrewKit/devkitPro/libnx/lib\libnx.a(sessionmgr.o)
                0x0000000000011a70                sessionmgrCreate
 *fill*         0x0000000000011be8        0x8 
 .text.sessionmgrClose
                0x0000000000011bf0       0x84 F:/Switch/SwitchHomeBrewKit/devkitPro/libnx/lib\libnx.a(sessionmgr.o)
                0x0000000000011bf0                sessionmgrClose
 *fill*         0x0000000000011c74        0xc 
 .text.sessionmgrAttachClient
                0x0000000000011c80       0xb4 F:/Switch/SwitchHomeBrewKit/devkitPro/libnx/lib\libnx.a(sessionmgr.o)
                0x0000000000011c80                sessionmgrAttachClient
 *fill*         0x0000000000011d34        0xc 
 .text.sessionmgrDetachClient
                0x0000000000011d40       0x70 F:/Switch/SwitchHomeBrewKit/devkitPro/libnx/lib\libnx.a(sessionmgr.o)
                0x0000000000011d40                sessionmgrDetachClient
 .text.printf   0x0000000000011db0       0x84 F:/Switch/SwitchHomeBrewKit/devkitPro/devkitA64/bin/../lib/gcc/aarch64-none-elf/13.1.0/../../../../aarch64-none-elf/lib/pic\libg.a(libc_a-printf.o)
                0x0000000000011db0                printf
 *fill*         0x0000000000011e34        0xc 
 .text.setenv   0x0000000000011e40       0x3c F:/Switch/SwitchHomeBrewKit/devkitPro/devkitA64/bin/../lib/gcc/aarch64-none-elf/13.1.0/../../../../aarch64-none-elf/lib/pic\libg.a(libc_a-setenv.o)
                0x0000000000011e40                setenv
 *fill*         0x0000000000011e7c        0x4 
 .text._puts_r  0x0000000000011e80       0xd0 F:/Switch/SwitchHomeBrewKit/devkitPro/devkitA64/bin/../lib/gcc/aarch64-none-elf/13.1.0/../../../../aarch64-none-elf/lib/pic\libg.a(libc_a-puts.o)
                0x0000000000011e80                _puts_r
 .text.puts     0x0000000000011f50       0x24 F:/Switch/SwitchHomeBrewKit/devkitPro/devkitA64/bin/../lib/gcc/aarch64-none-elf/13.1.0/../../../../aarch64-none-elf/lib/pic\libg.a(libc_a-puts.o)
                0x0000000000011f50                puts
 *fill*         0x0000000000011f74        0xc 
 .text.bsearch  0x0000000000011f80       0xb8 F:/Switch/SwitchHomeBrewKit/devkitPro/devkitA64/bin/../lib/gcc/aarch64-none-elf/13.1.0/../../../../aarch64-none-elf/lib/pic\libg.a(libc_a-bsearch.o)
                0x0000000000011f80                bsearch
 *fill*         0x0000000000012038        0x8 
 .text._setenv_r
                0x0000000000012040      0x254 F:/Switch/SwitchHomeBrewKit/devkitPro/devkitA64/bin/../lib/gcc/aarch64-none-elf/13.1.0/../../../../aarch64-none-elf/lib/pic\libg.a(libc_a-setenv_r.o)
                0x0000000000012040                _setenv_r
 *fill*         0x0000000000012294        0xc 
 .text.sscanf   0x00000000000122a0       0xbc F:/Switch/SwitchHomeBrewKit/devkitPro/devkitA64/bin/../lib/gcc/aarch64-none-elf/13.1.0/../../../../aarch64-none-elf/lib/pic\libg.a(libc_a-sscanf.o)
                0x00000000000122a0                sscanf
 *fill*         0x000000000001235c        0x4 
 .text.__sread  0x0000000000012360       0x50 F:/Switch/SwitchHomeBrewKit/devkitPro/devkitA64/bin/../lib/gcc/aarch64-none-elf/13.1.0/../../../../aarch64-none-elf/lib/pic\libg.a(libc_a-stdio.o)
                0x0000000000012360                __sread
 .text.__seofread
                0x00000000000123b0        0x8 F:/Switch/SwitchHomeBrewKit/devkitPro/devkitA64/bin/../lib/gcc/aarch64-none-elf/13.1.0/../../../../aarch64-none-elf/lib/pic\libg.a(libc_a-stdio.o)
                0x00000000000123b0                __seofread
 *fill*         0x00000000000123b8        0x8 
 .text.__swrite
                0x00000000000123c0       0x6c F:/Switch/SwitchHomeBrewKit/devkitPro/devkitA64/bin/../lib/gcc/aarch64-none-elf/13.1.0/../../../../aarch64-none-elf/lib/pic\libg.a(libc_a-stdio.o)
                0x00000000000123c0                __swrite
 *fill*         0x000000000001242c        0x4 
 .text.__sseek  0x0000000000012430       0x50 F:/Switch/SwitchHomeBrewKit/devkitPro/devkitA64/bin/../lib/gcc/aarch64-none-elf/13.1.0/../../../../aarch64-none-elf/lib/pic\libg.a(libc_a-stdio.o)
                0x0000000000012430                __sseek
 .text.__sclose
                0x0000000000012480        0x8 F:/Switch/SwitchHomeBrewKit/devkitPro/devkitA64/bin/../lib/gcc/aarch64-none-elf/13.1.0/../../../../aarch64-none-elf/lib/pic\libg.a(libc_a-stdio.o)
                0x0000000000012480                __sclose
 *fill*         0x0000000000012488        0x8 
 .text.__env_lock
                0x0000000000012490        0xc F:/Switch/SwitchHomeBrewKit/devkitPro/devkitA64/bin/../lib/gcc/aarch64-none-elf/13.1.0/../../../../aarch64-none-elf/lib/pic\libg.a(libc_a-envlock.o)
                0x0000000000012490                __env_lock
 *fill*         0x000000000001249c        0x4 
 .text.__env_unlock
                0x00000000000124a0        0xc F:/Switch/SwitchHomeBrewKit/devkitPro/devkitA64/bin/../lib/gcc/aarch64-none-elf/13.1.0/../../../../aarch64-none-elf/lib/pic\libg.a(libc_a-envlock.o)
                0x00000000000124a0                __env_unlock
 *fill*         0x00000000000124ac        0x4 
 .text.aligned_alloc
                0x00000000000124b0       0x2c F:/Switch/SwitchHomeBrewKit/devkitPro/devkitA64/bin/../lib/gcc/aarch64-none-elf/13.1.0/../../../../aarch64-none-elf/lib/pic\libg.a(libc_a-aligned_alloc.o)
                0x00000000000124b0                aligned_alloc
 *fill*         0x00000000000124dc        0x4 
 .text.setvbuf  0x00000000000124e0      0x250 F:/Switch/SwitchHomeBrewKit/devkitPro/devkitA64/bin/../lib/gcc/aarch64-none-elf/13.1.0/../../../../aarch64-none-elf/lib/pic\libg.a(libc_a-setvbuf.o)
                0x00000000000124e0                setvbuf
 .text.__call_exitprocs
                0x0000000000012730        0x4 F:/Switch/SwitchHomeBrewKit/devkitPro/devkitA64/bin/../lib/gcc/aarch64-none-elf/13.1.0/../../../../aarch64-none-elf/lib/pic\libg.a(libc_a-exit.o)
                0x0000000000012730                __call_exitprocs
 *fill*         0x0000000000012734        0xc 
 .text._malloc_trim_r
                0x0000000000012740      0x124 F:/Switch/SwitchHomeBrewKit/devkitPro/devkitA64/bin/../lib/gcc/aarch64-none-elf/13.1.0/../../../../aarch64-none-elf/lib/pic\libg.a(libc_a-freer.o)
                0x0000000000012740                _malloc_trim_r
 *fill*         0x0000000000012864        0xc 
 .text._free_r  0x0000000000012870      0x2d8 F:/Switch/SwitchHomeBrewKit/devkitPro/devkitA64/bin/../lib/gcc/aarch64-none-elf/13.1.0/../../../../aarch64-none-elf/lib/pic\libg.a(libc_a-freer.o)
                0x0000000000012870                _free_r
 *fill*         0x0000000000012b48        0x8 
 .text.malloc   0x0000000000012b50       0x24 F:/Switch/SwitchHomeBrewKit/devkitPro/devkitA64/bin/../lib/gcc/aarch64-none-elf/13.1.0/../../../../aarch64-none-elf/lib/pic\libg.a(libc_a-malloc.o)
                0x0000000000012b50                malloc
 *fill*         0x0000000000012b74        0xc 
 .text.free     0x0000000000012b80       0x24 F:/Switch/SwitchHomeBrewKit/devkitPro/devkitA64/bin/../lib/gcc/aarch64-none-elf/13.1.0/../../../../aarch64-none-elf/lib/pic\libg.a(libc_a-malloc.o)
                0x0000000000012b80                free
 .text.get_arg  0x0000000000012ba4       0x74 F:/Switch/SwitchHomeBrewKit/devkitPro/devkitA64/bin/../lib/gcc/aarch64-none-elf/13.1.0/../../../../aarch64-none-elf/lib/pic\libg.a(libc_a-svfscanf.o)
 .text.__ssvfscanf_r
                0x0000000000012c18     0x2fdc F:/Switch/SwitchHomeBrewKit/devkitPro/devkitA64/bin/../lib/gcc/aarch64-none-elf/13.1.0/../../../../aarch64-none-elf/lib/pic\libg.a(libc_a-svfscanf.o)
                0x0000000000012c18                __ssvfscanf_r
 *fill*         0x0000000000015bf4        0xc 
 .text._malloc_r
                0x0000000000015c00      0x80c F:/Switch/SwitchHomeBrewKit/devkitPro/devkitA64/bin/../lib/gcc/aarch64-none-elf/13.1.0/../../../../aarch64-none-elf/lib/pic\libg.a(libc_a-mallocr.o)
                0x0000000000015c00                _malloc_r
 *fill*         0x000000000001640c        0x4 
 .text._findenv_r
                0x0000000000016410       0xfc F:/Switch/SwitchHomeBrewKit/devkitPro/devkitA64/bin/../lib/gcc/aarch64-none-elf/13.1.0/../../../../aarch64-none-elf/lib/pic\libg.a(libc_a-getenv_r.o)
                0x0000000000016410                _findenv_r
 *fill*         0x000000000001650c        0x4 
 .text.__malloc_lock
                0x0000000000016510        0xc F:/Switch/SwitchHomeBrewKit/devkitPro/devkitA64/bin/../lib/gcc/aarch64-none-elf/13.1.0/../../../../aarch64-none-elf/lib/pic\libg.a(libc_a-mlock.o)
                0x0000000000016510                __malloc_lock
 *fill*         0x000000000001651c        0x4 
 .text.__malloc_unlock
                0x0000000000016520        0xc F:/Switch/SwitchHomeBrewKit/devkitPro/devkitA64/bin/../lib/gcc/aarch64-none-elf/13.1.0/../../../../aarch64-none-elf/lib/pic\libg.a(libc_a-mlock.o)
                0x0000000000016520                __malloc_unlock
 .text.get_arg  0x000000000001652c      0x804 F:/Switch/SwitchHomeBrewKit/devkitPro/devkitA64/bin/../lib/gcc/aarch64-none-elf/13.1.0/../../../../aarch64-none-elf/lib/pic\libg.a(libc_a-vfprintf.o)
 .text._vfprintf_r
                0x0000000000016d30     0x3c28 F:/Switch/SwitchHomeBrewKit/devkitPro/devkitA64/bin/../lib/gcc/aarch64-none-elf/13.1.0/../../../../aarch64-none-elf/lib/pic\libg.a(libc_a-vfprintf.o)
                0x0000000000016d30                _vfprintf_r
 .text.__sbprintf
                0x000000000001a958       0xd0 F:/Switch/SwitchHomeBrewKit/devkitPro/devkitA64/bin/../lib/gcc/aarch64-none-elf/13.1.0/../../../../aarch64-none-elf/lib/pic\libg.a(libc_a-vfprintf.o)
 *fill*         0x000000000001aa28        0x8 
 .text.__sflush_r
                0x000000000001aa30      0x200 F:/Switch/SwitchHomeBrewKit/devkitPro/devkitA64/bin/../lib/gcc/aarch64-none-elf/13.1.0/../../../../aarch64-none-elf/lib/pic\libg.a(libc_a-fflush.o)
                0x000000000001aa30                __sflush_r
 .text._fflush_r
                0x000000000001ac30       0xb8 F:/Switch/SwitchHomeBrewKit/devkitPro/devkitA64/bin/../lib/gcc/aarch64-none-elf/13.1.0/../../../../aarch64-none-elf/lib/pic\libg.a(libc_a-fflush.o)
                0x000000000001ac30                _fflush_r
 *fill*         0x000000000001ace8        0x8 
 .text.gmtime   0x000000000001acf0       0x2c F:/Switch/SwitchHomeBrewKit/devkitPro/devkitA64/bin/../lib/gcc/aarch64-none-elf/13.1.0/../../../../aarch64-none-elf/lib/pic\libg.a(libc_a-gmtime.o)
                0x000000000001acf0                gmtime
 *fill*         0x000000000001ad1c        0x4 
 .text.strncat  0x000000000001ad20       0x78 F:/Switch/SwitchHomeBrewKit/devkitPro/devkitA64/bin/../lib/gcc/aarch64-none-elf/13.1.0/../../../../aarch64-none-elf/lib/pic\libg.a(libc_a-strncat.o)
                0x000000000001ad20                strncat
 *fill*         0x000000000001ad98        0x8 
 .text.__sfvwrite_r
                0x000000000001ada0      0x4cc F:/Switch/SwitchHomeBrewKit/devkitPro/devkitA64/bin/../lib/gcc/aarch64-none-elf/13.1.0/../../../../aarch64-none-elf/lib/pic\libg.a(libc_a-fvwrite.o)
                0x000000000001ada0                __sfvwrite_r
 *fill*         0x000000000001b26c        0x4 
 .text.gmtime_r
                0x000000000001b270      0x2a0 F:/Switch/SwitchHomeBrewKit/devkitPro/devkitA64/bin/../lib/gcc/aarch64-none-elf/13.1.0/../../../../aarch64-none-elf/lib/pic\libg.a(libc_a-gmtime_r.o)
                0x000000000001b270                gmtime_r
 .text._fwalk_sglue
                0x000000000001b510       0xa0 F:/Switch/SwitchHomeBrewKit/devkitPro/devkitA64/bin/../lib/gcc/aarch64-none-elf/13.1.0/../../../../aarch64-none-elf/lib/pic\libg.a(libc_a-fwalk.o)
                0x000000000001b510                _fwalk_sglue
 .text._realloc_r
                0x000000000001b5b0      0x524 F:/Switch/SwitchHomeBrewKit/devkitPro/devkitA64/bin/../lib/gcc/aarch64-none-elf/13.1.0/../../../../aarch64-none-elf/lib/pic\libg.a(libc_a-reallocr.o)
                0x000000000001b5b0                _realloc_r
 *fill*         0x000000000001bad4        0xc 
 .text.strncpy  0x000000000001bae0       0x90 F:/Switch/SwitchHomeBrewKit/devkitPro/devkitA64/bin/../lib/gcc/aarch64-none-elf/13.1.0/../../../../aarch64-none-elf/lib/pic\libg.a(libc_a-strncpy.o)
                0x000000000001bae0                strncpy
 .text.stdio_exit_handler
                0x000000000001bb70       0x1c F:/Switch/SwitchHomeBrewKit/devkitPro/devkitA64/bin/../lib/gcc/aarch64-none-elf/13.1.0/../../../../aarch64-none-elf/lib/pic\libg.a(libc_a-findfp.o)
 *fill*         0x000000000001bb8c        0x4 
 .text.cleanup_stdio
                0x000000000001bb90       0x6c F:/Switch/SwitchHomeBrewKit/devkitPro/devkitA64/bin/../lib/gcc/aarch64-none-elf/13.1.0/../../../../aarch64-none-elf/lib/pic\libg.a(libc_a-findfp.o)
 *fill*         0x000000000001bbfc        0x4 
 .text.global_stdio_init.part.0
                0x000000000001bc00      0x140 F:/Switch/SwitchHomeBrewKit/devkitPro/devkitA64/bin/../lib/gcc/aarch64-none-elf/13.1.0/../../../../aarch64-none-elf/lib/pic\libg.a(libc_a-findfp.o)
 .text.__sfp_lock_acquire
                0x000000000001bd40        0xc F:/Switch/SwitchHomeBrewKit/devkitPro/devkitA64/bin/../lib/gcc/aarch64-none-elf/13.1.0/../../../../aarch64-none-elf/lib/pic\libg.a(libc_a-findfp.o)
                0x000000000001bd40                __sfp_lock_acquire
 *fill*         0x000000000001bd4c        0x4 
 .text.__sfp_lock_release
                0x000000000001bd50        0xc F:/Switch/SwitchHomeBrewKit/devkitPro/devkitA64/bin/../lib/gcc/aarch64-none-elf/13.1.0/../../../../aarch64-none-elf/lib/pic\libg.a(libc_a-findfp.o)
                0x000000000001bd50                __sfp_lock_release
 *fill*         0x000000000001bd5c        0x4 
 .text.__sinit  0x000000000001bd60       0x54 F:/Switch/SwitchHomeBrewKit/devkitPro/devkitA64/bin/../lib/gcc/aarch64-none-elf/13.1.0/../../../../aarch64-none-elf/lib/pic\libg.a(libc_a-findfp.o)
                0x000000000001bd60                __sinit
 *fill*         0x000000000001bdb4        0xc 
 .text.sulp     0x000000000001bdc0       0x54 F:/Switch/SwitchHomeBrewKit/devkitPro/devkitA64/bin/../lib/gcc/aarch64-none-elf/13.1.0/../../../../aarch64-none-elf/lib/pic\libg.a(libc_a-strtod.o)
 *fill*         0x000000000001be14        0xc 
 .text._strtod_l
                0x000000000001be20     0x1184 F:/Switch/SwitchHomeBrewKit/devkitPro/devkitA64/bin/../lib/gcc/aarch64-none-elf/13.1.0/../../../../aarch64-none-elf/lib/pic\libg.a(libc_a-strtod.o)
                0x000000000001be20                _strtod_l
 *fill*         0x000000000001cfa4        0xc 
 .text._strtod_r
                0x000000000001cfb0       0x50 F:/Switch/SwitchHomeBrewKit/devkitPro/devkitA64/bin/../lib/gcc/aarch64-none-elf/13.1.0/../../../../aarch64-none-elf/lib/pic\libg.a(libc_a-strtod.o)
                0x000000000001cfb0                _strtod_r
 .text._strtol_l.part.0
                0x000000000001d000      0x18c F:/Switch/SwitchHomeBrewKit/devkitPro/devkitA64/bin/../lib/gcc/aarch64-none-elf/13.1.0/../../../../aarch64-none-elf/lib/pic\libg.a(libc_a-strtol.o)
 *fill*         0x000000000001d18c        0x4 
 .text._strtol_r
                0x000000000001d190       0x70 F:/Switch/SwitchHomeBrewKit/devkitPro/devkitA64/bin/../lib/gcc/aarch64-none-elf/13.1.0/../../../../aarch64-none-elf/lib/pic\libg.a(libc_a-strtol.o)
                0x000000000001d190                _strtol_r
 .text.realloc  0x000000000001d200       0x2c F:/Switch/SwitchHomeBrewKit/devkitPro/devkitA64/bin/../lib/gcc/aarch64-none-elf/13.1.0/../../../../aarch64-none-elf/lib/pic\libg.a(libc_a-realloc.o)
                0x000000000001d200                realloc
 .text          0x000000000001d22c       0xd8 F:/Switch/SwitchHomeBrewKit/devkitPro/devkitA64/bin/../lib/gcc/aarch64-none-elf/13.1.0/../../../../aarch64-none-elf/lib/pic\libg.a(libc_a-memchr.o)
                0x000000000001d22c                memchr
 *fill*         0x000000000001d304        0xc 
 .text._strtoul_l.isra.0
                0x000000000001d310      0x1a8 F:/Switch/SwitchHomeBrewKit/devkitPro/devkitA64/bin/../lib/gcc/aarch64-none-elf/13.1.0/../../../../aarch64-none-elf/lib/pic\libg.a(libc_a-strtoul.o)
 *fill*         0x000000000001d4b8        0x8 
 .text._strtoul_r
                0x000000000001d4c0       0x44 F:/Switch/SwitchHomeBrewKit/devkitPro/devkitA64/bin/../lib/gcc/aarch64-none-elf/13.1.0/../../../../aarch64-none-elf/lib/pic\libg.a(libc_a-strtoul.o)
                0x000000000001d4c0                _strtoul_r
 *fill*         0x000000000001d504        0xc 
 .text.strtoul  0x000000000001d510       0x48 F:/Switch/SwitchHomeBrewKit/devkitPro/devkitA64/bin/../lib/gcc/aarch64-none-elf/13.1.0/../../../../aarch64-none-elf/lib/pic\libg.a(libc_a-strtoul.o)
                0x000000000001d510                strtoul
 *fill*         0x000000000001d558       0x28 
 .text          0x000000000001d580      0x1dc F:/Switch/SwitchHomeBrewKit/devkitPro/devkitA64/bin/../lib/gcc/aarch64-none-elf/13.1.0/../../../../aarch64-none-elf/lib/pic\libg.a(libc_a-memset.o)
                0x000000000001d580                memset
 *fill*         0x000000000001d75c        0x4 
 .text.__locale_mb_cur_max
                0x000000000001d760       0x2c F:/Switch/SwitchHomeBrewKit/devkitPro/devkitA64/bin/../lib/gcc/aarch64-none-elf/13.1.0/../../../../aarch64-none-elf/lib/pic\libg.a(libc_a-locale.o)
                0x000000000001d760                __locale_mb_cur_max
 *fill*         0x000000000001d78c        0x4 
 .text.__localeconv_l
                0x000000000001d790        0x8 F:/Switch/SwitchHomeBrewKit/devkitPro/devkitA64/bin/../lib/gcc/aarch64-none-elf/13.1.0/../../../../aarch64-none-elf/lib/pic\libg.a(libc_a-localeconv.o)
                0x000000000001d790                __localeconv_l
 *fill*         0x000000000001d798        0x8 
 .text._localeconv_r